ipxm-r-ot1 IMFCTT1-ot1 "ipxt1-ot1 ReEncodeFont" <ipxt1-ot1.enc <ipxm-r-ot1.pfb
ipxm-r-t1 IMFCTT1-t1 "ipxt1-t1 ReEncodeFont" <ipxt1-t1.enc <ipxm-r-t1.pfb
ipxm-r-ts1 IMFCTT1-ts1 "ipxt1-ts1 ReEncodeFont" <ipxt1-ts1.enc <ipxm-r-ts1.pfb
ipxm-r-ly1 IMFCTT1-ly1 "ipxt1-ly1 ReEncodeFont" <ipxt1-ly1.enc <ipxm-r-ly1.pfb
ipxm-r-u00 IMFCTT1-u00 "ipxt1-u00 ReEncodeFont" <ipxt1-u00.enc <ipxm-r-u00.pfb
ipxm-r-u01 IMFCTT1-u01 "ipxt1-u01 ReEncodeFont" <ipxt1-u01.enc <ipxm-r-u01.pfb
ipxm-r-u02 IMFCTT1-u02 "ipxt1-u02 ReEncodeFont" <ipxt1-u02.enc <ipxm-r-u02.pfb
ipxm-r-u03 IMFCTT1-u03 "ipxt1-u03 ReEncodeFont" <ipxt1-u03.enc <ipxm-r-u03.pfb
ipxm-r-u04 IMFCTT1-u04 "ipxt1-u04 ReEncodeFont" <ipxt1-u04.enc <ipxm-r-u04.pfb
ipxm-r-u1e IMFCTT1-u1e "ipxt1-u1e ReEncodeFont" <ipxt1-u1e.enc <ipxm-r-u1e.pfb
ipxm-r-u1f IMFCTT1-u1f "ipxt1-u1f ReEncodeFont" <ipxt1-u1f.enc <ipxm-r-u1f.pfb
ipxm-r-u20 IMFCTT1-u20 "ipxt1-u20 ReEncodeFont" <ipxt1-u20.enc <ipxm-r-u20.pfb
ipxm-r-u21 IMFCTT1-u21 "ipxt1-u21 ReEncodeFont" <ipxt1-u21.enc <ipxm-r-u21.pfb
ipxm-r-u22 IMFCTT1-u22 "ipxt1-u22 ReEncodeFont" <ipxt1-u22.enc <ipxm-r-u22.pfb
ipxm-r-u23 IMFCTT1-u23 "ipxt1-u23 ReEncodeFont" <ipxt1-u23.enc <ipxm-r-u23.pfb
ipxm-r-u24 IMFCTT1-u24 "ipxt1-u24 ReEncodeFont" <ipxt1-u24.enc <ipxm-r-u24.pfb
ipxm-r-u25 IMFCTT1-u25 "ipxt1-u25 ReEncodeFont" <ipxt1-u25.enc <ipxm-r-u25.pfb
ipxm-r-u26 IMFCTT1-u26 "ipxt1-u26 ReEncodeFont" <ipxt1-u26.enc <ipxm-r-u26.pfb
ipxm-r-u27 IMFCTT1-u27 "ipxt1-u27 ReEncodeFont" <ipxt1-u27.enc <ipxm-r-u27.pfb
ipxm-r-u29 IMFCTT1-u29 "ipxt1-u29 ReEncodeFont" <ipxt1-u29.enc <ipxm-r-u29.pfb
ipxm-r-u2e IMFCTT1-u2e "ipxt1-u2e ReEncodeFont" <ipxt1-u2e.enc <ipxm-r-u2e.pfb
ipxm-r-u2f IMFCTT1-u2f "ipxt1-u2f ReEncodeFont" <ipxt1-u2f.enc <ipxm-r-u2f.pfb
ipxm-r-u30 IMFCTT1-u30 "ipxt1-u30 ReEncodeFont" <ipxt1-u30.enc <ipxm-r-u30.pfb
ipxm-r-u31 IMFCTT1-u31 "ipxt1-u31 ReEncodeFont" <ipxt1-u31.enc <ipxm-r-u31.pfb
ipxm-r-u32 IMFCTT1-u32 "ipxt1-u32 ReEncodeFont" <ipxt1-u32.enc <ipxm-r-u32.pfb
ipxm-r-u33 IMFCTT1-u33 "ipxt1-u33 ReEncodeFont" <ipxt1-u33.enc <ipxm-r-u33.pfb
ipxm-r-u34 IMFCTT1-u34 "ipxt1-u34 ReEncodeFont" <ipxt1-u34.enc <ipxm-r-u34.pfb
ipxm-r-u35 IMFCTT1-u35 "ipxt1-u35 ReEncodeFont" <ipxt1-u35.enc <ipxm-r-u35.pfb
ipxm-r-u36 IMFCTT1-u36 "ipxt1-u36 ReEncodeFont" <ipxt1-u36.enc <ipxm-r-u36.pfb
ipxm-r-u37 IMFCTT1-u37 "ipxt1-u37 ReEncodeFont" <ipxt1-u37.enc <ipxm-r-u37.pfb
ipxm-r-u38 IMFCTT1-u38 "ipxt1-u38 ReEncodeFont" <ipxt1-u38.enc <ipxm-r-u38.pfb
ipxm-r-u39 IMFCTT1-u39 "ipxt1-u39 ReEncodeFont" <ipxt1-u39.enc <ipxm-r-u39.pfb
ipxm-r-u3a IMFCTT1-u3a "ipxt1-u3a ReEncodeFont" <ipxt1-u3a.enc <ipxm-r-u3a.pfb
ipxm-r-u3b IMFCTT1-u3b "ipxt1-u3b ReEncodeFont" <ipxt1-u3b.enc <ipxm-r-u3b.pfb
ipxm-r-u3c IMFCTT1-u3c "ipxt1-u3c ReEncodeFont" <ipxt1-u3c.enc <ipxm-r-u3c.pfb
ipxm-r-u3d IMFCTT1-u3d "ipxt1-u3d ReEncodeFont" <ipxt1-u3d.enc <ipxm-r-u3d.pfb
ipxm-r-u3e IMFCTT1-u3e "ipxt1-u3e ReEncodeFont" <ipxt1-u3e.enc <ipxm-r-u3e.pfb
ipxm-r-u3f IMFCTT1-u3f "ipxt1-u3f ReEncodeFont" <ipxt1-u3f.enc <ipxm-r-u3f.pfb
ipxm-r-u40 IMFCTT1-u40 "ipxt1-u40 ReEncodeFont" <ipxt1-u40.enc <ipxm-r-u40.pfb
ipxm-r-u41 IMFCTT1-u41 "ipxt1-u41 ReEncodeFont" <ipxt1-u41.enc <ipxm-r-u41.pfb
ipxm-r-u42 IMFCTT1-u42 "ipxt1-u42 ReEncodeFont" <ipxt1-u42.enc <ipxm-r-u42.pfb
ipxm-r-u43 IMFCTT1-u43 "ipxt1-u43 ReEncodeFont" <ipxt1-u43.enc <ipxm-r-u43.pfb
ipxm-r-u44 IMFCTT1-u44 "ipxt1-u44 ReEncodeFont" <ipxt1-u44.enc <ipxm-r-u44.pfb
ipxm-r-u45 IMFCTT1-u45 "ipxt1-u45 ReEncodeFont" <ipxt1-u45.enc <ipxm-r-u45.pfb
ipxm-r-u46 IMFCTT1-u46 "ipxt1-u46 ReEncodeFont" <ipxt1-u46.enc <ipxm-r-u46.pfb
ipxm-r-u47 IMFCTT1-u47 "ipxt1-u47 ReEncodeFont" <ipxt1-u47.enc <ipxm-r-u47.pfb
ipxm-r-u48 IMFCTT1-u48 "ipxt1-u48 ReEncodeFont" <ipxt1-u48.enc <ipxm-r-u48.pfb
ipxm-r-u49 IMFCTT1-u49 "ipxt1-u49 ReEncodeFont" <ipxt1-u49.enc <ipxm-r-u49.pfb
ipxm-r-u4a IMFCTT1-u4a "ipxt1-u4a ReEncodeFont" <ipxt1-u4a.enc <ipxm-r-u4a.pfb
ipxm-r-u4b IMFCTT1-u4b "ipxt1-u4b ReEncodeFont" <ipxt1-u4b.enc <ipxm-r-u4b.pfb
ipxm-r-u4c IMFCTT1-u4c "ipxt1-u4c ReEncodeFont" <ipxt1-u4c.enc <ipxm-r-u4c.pfb
ipxm-r-u4d IMFCTT1-u4d "ipxt1-u4d ReEncodeFont" <ipxt1-u4d.enc <ipxm-r-u4d.pfb
ipxm-r-u4e IMFCTT1-u4e "ipxt1-u4e ReEncodeFont" <ipxt1-u4e.enc <ipxm-r-u4e.pfb
ipxm-r-u4f IMFCTT1-u4f "ipxt1-u4f ReEncodeFont" <ipxt1-u4f.enc <ipxm-r-u4f.pfb
ipxm-r-u50 IMFCTT1-u50 "ipxt1-u50 ReEncodeFont" <ipxt1-u50.enc <ipxm-r-u50.pfb
ipxm-r-u51 IMFCTT1-u51 "ipxt1-u51 ReEncodeFont" <ipxt1-u51.enc <ipxm-r-u51.pfb
ipxm-r-u52 IMFCTT1-u52 "ipxt1-u52 ReEncodeFont" <ipxt1-u52.enc <ipxm-r-u52.pfb
ipxm-r-u53 IMFCTT1-u53 "ipxt1-u53 ReEncodeFont" <ipxt1-u53.enc <ipxm-r-u53.pfb
ipxm-r-u54 IMFCTT1-u54 "ipxt1-u54 ReEncodeFont" <ipxt1-u54.enc <ipxm-r-u54.pfb
ipxm-r-u55 IMFCTT1-u55 "ipxt1-u55 ReEncodeFont" <ipxt1-u55.enc <ipxm-r-u55.pfb
ipxm-r-u56 IMFCTT1-u56 "ipxt1-u56 ReEncodeFont" <ipxt1-u56.enc <ipxm-r-u56.pfb
ipxm-r-u57 IMFCTT1-u57 "ipxt1-u57 ReEncodeFont" <ipxt1-u57.enc <ipxm-r-u57.pfb
ipxm-r-u58 IMFCTT1-u58 "ipxt1-u58 ReEncodeFont" <ipxt1-u58.enc <ipxm-r-u58.pfb
ipxm-r-u59 IMFCTT1-u59 "ipxt1-u59 ReEncodeFont" <ipxt1-u59.enc <ipxm-r-u59.pfb
ipxm-r-u5a IMFCTT1-u5a "ipxt1-u5a ReEncodeFont" <ipxt1-u5a.enc <ipxm-r-u5a.pfb
ipxm-r-u5b IMFCTT1-u5b "ipxt1-u5b ReEncodeFont" <ipxt1-u5b.enc <ipxm-r-u5b.pfb
ipxm-r-u5c IMFCTT1-u5c "ipxt1-u5c ReEncodeFont" <ipxt1-u5c.enc <ipxm-r-u5c.pfb
ipxm-r-u5d IMFCTT1-u5d "ipxt1-u5d ReEncodeFont" <ipxt1-u5d.enc <ipxm-r-u5d.pfb
ipxm-r-u5e IMFCTT1-u5e "ipxt1-u5e ReEncodeFont" <ipxt1-u5e.enc <ipxm-r-u5e.pfb
ipxm-r-u5f IMFCTT1-u5f "ipxt1-u5f ReEncodeFont" <ipxt1-u5f.enc <ipxm-r-u5f.pfb
ipxm-r-u60 IMFCTT1-u60 "ipxt1-u60 ReEncodeFont" <ipxt1-u60.enc <ipxm-r-u60.pfb
ipxm-r-u61 IMFCTT1-u61 "ipxt1-u61 ReEncodeFont" <ipxt1-u61.enc <ipxm-r-u61.pfb
ipxm-r-u62 IMFCTT1-u62 "ipxt1-u62 ReEncodeFont" <ipxt1-u62.enc <ipxm-r-u62.pfb
ipxm-r-u63 IMFCTT1-u63 "ipxt1-u63 ReEncodeFont" <ipxt1-u63.enc <ipxm-r-u63.pfb
ipxm-r-u64 IMFCTT1-u64 "ipxt1-u64 ReEncodeFont" <ipxt1-u64.enc <ipxm-r-u64.pfb
ipxm-r-u65 IMFCTT1-u65 "ipxt1-u65 ReEncodeFont" <ipxt1-u65.enc <ipxm-r-u65.pfb
ipxm-r-u66 IMFCTT1-u66 "ipxt1-u66 ReEncodeFont" <ipxt1-u66.enc <ipxm-r-u66.pfb
ipxm-r-u67 IMFCTT1-u67 "ipxt1-u67 ReEncodeFont" <ipxt1-u67.enc <ipxm-r-u67.pfb
ipxm-r-u68 IMFCTT1-u68 "ipxt1-u68 ReEncodeFont" <ipxt1-u68.enc <ipxm-r-u68.pfb
ipxm-r-u69 IMFCTT1-u69 "ipxt1-u69 ReEncodeFont" <ipxt1-u69.enc <ipxm-r-u69.pfb
ipxm-r-u6a IMFCTT1-u6a "ipxt1-u6a ReEncodeFont" <ipxt1-u6a.enc <ipxm-r-u6a.pfb
ipxm-r-u6b IMFCTT1-u6b "ipxt1-u6b ReEncodeFont" <ipxt1-u6b.enc <ipxm-r-u6b.pfb
ipxm-r-u6c IMFCTT1-u6c "ipxt1-u6c ReEncodeFont" <ipxt1-u6c.enc <ipxm-r-u6c.pfb
ipxm-r-u6d IMFCTT1-u6d "ipxt1-u6d ReEncodeFont" <ipxt1-u6d.enc <ipxm-r-u6d.pfb
ipxm-r-u6e IMFCTT1-u6e "ipxt1-u6e ReEncodeFont" <ipxt1-u6e.enc <ipxm-r-u6e.pfb
ipxm-r-u6f IMFCTT1-u6f "ipxt1-u6f ReEncodeFont" <ipxt1-u6f.enc <ipxm-r-u6f.pfb
ipxm-r-u70 IMFCTT1-u70 "ipxt1-u70 ReEncodeFont" <ipxt1-u70.enc <ipxm-r-u70.pfb
ipxm-r-u71 IMFCTT1-u71 "ipxt1-u71 ReEncodeFont" <ipxt1-u71.enc <ipxm-r-u71.pfb
ipxm-r-u72 IMFCTT1-u72 "ipxt1-u72 ReEncodeFont" <ipxt1-u72.enc <ipxm-r-u72.pfb
ipxm-r-u73 IMFCTT1-u73 "ipxt1-u73 ReEncodeFont" <ipxt1-u73.enc <ipxm-r-u73.pfb
ipxm-r-u74 IMFCTT1-u74 "ipxt1-u74 ReEncodeFont" <ipxt1-u74.enc <ipxm-r-u74.pfb
ipxm-r-u75 IMFCTT1-u75 "ipxt1-u75 ReEncodeFont" <ipxt1-u75.enc <ipxm-r-u75.pfb
ipxm-r-u76 IMFCTT1-u76 "ipxt1-u76 ReEncodeFont" <ipxt1-u76.enc <ipxm-r-u76.pfb
ipxm-r-u77 IMFCTT1-u77 "ipxt1-u77 ReEncodeFont" <ipxt1-u77.enc <ipxm-r-u77.pfb
ipxm-r-u78 IMFCTT1-u78 "ipxt1-u78 ReEncodeFont" <ipxt1-u78.enc <ipxm-r-u78.pfb
ipxm-r-u79 IMFCTT1-u79 "ipxt1-u79 ReEncodeFont" <ipxt1-u79.enc <ipxm-r-u79.pfb
ipxm-r-u7a IMFCTT1-u7a "ipxt1-u7a ReEncodeFont" <ipxt1-u7a.enc <ipxm-r-u7a.pfb
ipxm-r-u7b IMFCTT1-u7b "ipxt1-u7b ReEncodeFont" <ipxt1-u7b.enc <ipxm-r-u7b.pfb
ipxm-r-u7c IMFCTT1-u7c "ipxt1-u7c ReEncodeFont" <ipxt1-u7c.enc <ipxm-r-u7c.pfb
ipxm-r-u7d IMFCTT1-u7d "ipxt1-u7d ReEncodeFont" <ipxt1-u7d.enc <ipxm-r-u7d.pfb
ipxm-r-u7e IMFCTT1-u7e "ipxt1-u7e ReEncodeFont" <ipxt1-u7e.enc <ipxm-r-u7e.pfb
ipxm-r-u7f IMFCTT1-u7f "ipxt1-u7f ReEncodeFont" <ipxt1-u7f.enc <ipxm-r-u7f.pfb
ipxm-r-u80 IMFCTT1-u80 "ipxt1-u80 ReEncodeFont" <ipxt1-u80.enc <ipxm-r-u80.pfb
ipxm-r-u81 IMFCTT1-u81 "ipxt1-u81 ReEncodeFont" <ipxt1-u81.enc <ipxm-r-u81.pfb
ipxm-r-u82 IMFCTT1-u82 "ipxt1-u82 ReEncodeFont" <ipxt1-u82.enc <ipxm-r-u82.pfb
ipxm-r-u83 IMFCTT1-u83 "ipxt1-u83 ReEncodeFont" <ipxt1-u83.enc <ipxm-r-u83.pfb
ipxm-r-u84 IMFCTT1-u84 "ipxt1-u84 ReEncodeFont" <ipxt1-u84.enc <ipxm-r-u84.pfb
ipxm-r-u85 IMFCTT1-u85 "ipxt1-u85 ReEncodeFont" <ipxt1-u85.enc <ipxm-r-u85.pfb
ipxm-r-u86 IMFCTT1-u86 "ipxt1-u86 ReEncodeFont" <ipxt1-u86.enc <ipxm-r-u86.pfb
ipxm-r-u87 IMFCTT1-u87 "ipxt1-u87 ReEncodeFont" <ipxt1-u87.enc <ipxm-r-u87.pfb
ipxm-r-u88 IMFCTT1-u88 "ipxt1-u88 ReEncodeFont" <ipxt1-u88.enc <ipxm-r-u88.pfb
ipxm-r-u89 IMFCTT1-u89 "ipxt1-u89 ReEncodeFont" <ipxt1-u89.enc <ipxm-r-u89.pfb
ipxm-r-u8a IMFCTT1-u8a "ipxt1-u8a ReEncodeFont" <ipxt1-u8a.enc <ipxm-r-u8a.pfb
ipxm-r-u8b IMFCTT1-u8b "ipxt1-u8b ReEncodeFont" <ipxt1-u8b.enc <ipxm-r-u8b.pfb
ipxm-r-u8c IMFCTT1-u8c "ipxt1-u8c ReEncodeFont" <ipxt1-u8c.enc <ipxm-r-u8c.pfb
ipxm-r-u8d IMFCTT1-u8d "ipxt1-u8d ReEncodeFont" <ipxt1-u8d.enc <ipxm-r-u8d.pfb
ipxm-r-u8e IMFCTT1-u8e "ipxt1-u8e ReEncodeFont" <ipxt1-u8e.enc <ipxm-r-u8e.pfb
ipxm-r-u8f IMFCTT1-u8f "ipxt1-u8f ReEncodeFont" <ipxt1-u8f.enc <ipxm-r-u8f.pfb
ipxm-r-u90 IMFCTT1-u90 "ipxt1-u90 ReEncodeFont" <ipxt1-u90.enc <ipxm-r-u90.pfb
ipxm-r-u91 IMFCTT1-u91 "ipxt1-u91 ReEncodeFont" <ipxt1-u91.enc <ipxm-r-u91.pfb
ipxm-r-u92 IMFCTT1-u92 "ipxt1-u92 ReEncodeFont" <ipxt1-u92.enc <ipxm-r-u92.pfb
ipxm-r-u93 IMFCTT1-u93 "ipxt1-u93 ReEncodeFont" <ipxt1-u93.enc <ipxm-r-u93.pfb
ipxm-r-u94 IMFCTT1-u94 "ipxt1-u94 ReEncodeFont" <ipxt1-u94.enc <ipxm-r-u94.pfb
ipxm-r-u95 IMFCTT1-u95 "ipxt1-u95 ReEncodeFont" <ipxt1-u95.enc <ipxm-r-u95.pfb
ipxm-r-u96 IMFCTT1-u96 "ipxt1-u96 ReEncodeFont" <ipxt1-u96.enc <ipxm-r-u96.pfb
ipxm-r-u97 IMFCTT1-u97 "ipxt1-u97 ReEncodeFont" <ipxt1-u97.enc <ipxm-r-u97.pfb
ipxm-r-u98 IMFCTT1-u98 "ipxt1-u98 ReEncodeFont" <ipxt1-u98.enc <ipxm-r-u98.pfb
ipxm-r-u99 IMFCTT1-u99 "ipxt1-u99 ReEncodeFont" <ipxt1-u99.enc <ipxm-r-u99.pfb
ipxm-r-u9a IMFCTT1-u9a "ipxt1-u9a ReEncodeFont" <ipxt1-u9a.enc <ipxm-r-u9a.pfb
ipxm-r-u9b IMFCTT1-u9b "ipxt1-u9b ReEncodeFont" <ipxt1-u9b.enc <ipxm-r-u9b.pfb
ipxm-r-u9c IMFCTT1-u9c "ipxt1-u9c ReEncodeFont" <ipxt1-u9c.enc <ipxm-r-u9c.pfb
ipxm-r-u9d IMFCTT1-u9d "ipxt1-u9d ReEncodeFont" <ipxt1-u9d.enc <ipxm-r-u9d.pfb
ipxm-r-u9e IMFCTT1-u9e "ipxt1-u9e ReEncodeFont" <ipxt1-u9e.enc <ipxm-r-u9e.pfb
ipxm-r-u9f IMFCTT1-u9f "ipxt1-u9f ReEncodeFont" <ipxt1-u9f.enc <ipxm-r-u9f.pfb
ipxm-r-uf8 IMFCTT1-uf8 "ipxt1-uf8 ReEncodeFont" <ipxt1-uf8.enc <ipxm-r-uf8.pfb
ipxm-r-uf9 IMFCTT1-uf9 "ipxt1-uf9 ReEncodeFont" <ipxt1-uf9.enc <ipxm-r-uf9.pfb
ipxm-r-ufa IMFCTT1-ufa "ipxt1-ufa ReEncodeFont" <ipxt1-ufa.enc <ipxm-r-ufa.pfb
ipxm-r-ufe IMFCTT1-ufe "ipxt1-ufe ReEncodeFont" <ipxt1-ufe.enc <ipxm-r-ufe.pfb
ipxm-r-uff IMFCTT1-uff "ipxt1-uff ReEncodeFont" <ipxt1-uff.enc <ipxm-r-uff.pfb
ipxm-r-u0200 IMFCTT1-u0200 "ipxt1-u0200 ReEncodeFont" <ipxt1-u0200.enc <ipxm-r-u0200.pfb
ipxm-r-u0201 IMFCTT1-u0201 "ipxt1-u0201 ReEncodeFont" <ipxt1-u0201.enc <ipxm-r-u0201.pfb
ipxm-r-u0202 IMFCTT1-u0202 "ipxt1-u0202 ReEncodeFont" <ipxt1-u0202.enc <ipxm-r-u0202.pfb
ipxm-r-u0203 IMFCTT1-u0203 "ipxt1-u0203 ReEncodeFont" <ipxt1-u0203.enc <ipxm-r-u0203.pfb
ipxm-r-u0204 IMFCTT1-u0204 "ipxt1-u0204 ReEncodeFont" <ipxt1-u0204.enc <ipxm-r-u0204.pfb
ipxm-r-u0205 IMFCTT1-u0205 "ipxt1-u0205 ReEncodeFont" <ipxt1-u0205.enc <ipxm-r-u0205.pfb
ipxm-r-u0206 IMFCTT1-u0206 "ipxt1-u0206 ReEncodeFont" <ipxt1-u0206.enc <ipxm-r-u0206.pfb
ipxm-r-u0207 IMFCTT1-u0207 "ipxt1-u0207 ReEncodeFont" <ipxt1-u0207.enc <ipxm-r-u0207.pfb
ipxm-r-u0208 IMFCTT1-u0208 "ipxt1-u0208 ReEncodeFont" <ipxt1-u0208.enc <ipxm-r-u0208.pfb
ipxm-r-u0209 IMFCTT1-u0209 "ipxt1-u0209 ReEncodeFont" <ipxt1-u0209.enc <ipxm-r-u0209.pfb
ipxm-r-u020a IMFCTT1-u020a "ipxt1-u020a ReEncodeFont" <ipxt1-u020a.enc <ipxm-r-u020a.pfb
ipxm-r-u020b IMFCTT1-u020b "ipxt1-u020b ReEncodeFont" <ipxt1-u020b.enc <ipxm-r-u020b.pfb
ipxm-r-u020d IMFCTT1-u020d "ipxt1-u020d ReEncodeFont" <ipxt1-u020d.enc <ipxm-r-u020d.pfb
ipxm-r-u020e IMFCTT1-u020e "ipxt1-u020e ReEncodeFont" <ipxt1-u020e.enc <ipxm-r-u020e.pfb
ipxm-r-u020f IMFCTT1-u020f "ipxt1-u020f ReEncodeFont" <ipxt1-u020f.enc <ipxm-r-u020f.pfb
ipxm-r-u0212 IMFCTT1-u0212 "ipxt1-u0212 ReEncodeFont" <ipxt1-u0212.enc <ipxm-r-u0212.pfb
ipxm-r-u0213 IMFCTT1-u0213 "ipxt1-u0213 ReEncodeFont" <ipxt1-u0213.enc <ipxm-r-u0213.pfb
ipxm-r-u0214 IMFCTT1-u0214 "ipxt1-u0214 ReEncodeFont" <ipxt1-u0214.enc <ipxm-r-u0214.pfb
ipxm-r-u0215 IMFCTT1-u0215 "ipxt1-u0215 ReEncodeFont" <ipxt1-u0215.enc <ipxm-r-u0215.pfb
ipxm-r-u0216 IMFCTT1-u0216 "ipxt1-u0216 ReEncodeFont" <ipxt1-u0216.enc <ipxm-r-u0216.pfb
ipxm-r-u0217 IMFCTT1-u0217 "ipxt1-u0217 ReEncodeFont" <ipxt1-u0217.enc <ipxm-r-u0217.pfb
ipxm-r-u0218 IMFCTT1-u0218 "ipxt1-u0218 ReEncodeFont" <ipxt1-u0218.enc <ipxm-r-u0218.pfb
ipxm-r-u0219 IMFCTT1-u0219 "ipxt1-u0219 ReEncodeFont" <ipxt1-u0219.enc <ipxm-r-u0219.pfb
ipxm-r-u021c IMFCTT1-u021c "ipxt1-u021c ReEncodeFont" <ipxt1-u021c.enc <ipxm-r-u021c.pfb
ipxm-r-u021d IMFCTT1-u021d "ipxt1-u021d ReEncodeFont" <ipxt1-u021d.enc <ipxm-r-u021d.pfb
ipxm-r-u021e IMFCTT1-u021e "ipxt1-u021e ReEncodeFont" <ipxt1-u021e.enc <ipxm-r-u021e.pfb
ipxm-r-u021f IMFCTT1-u021f "ipxt1-u021f ReEncodeFont" <ipxt1-u021f.enc <ipxm-r-u021f.pfb
ipxm-r-u0221 IMFCTT1-u0221 "ipxt1-u0221 ReEncodeFont" <ipxt1-u0221.enc <ipxm-r-u0221.pfb
ipxm-r-u0222 IMFCTT1-u0222 "ipxt1-u0222 ReEncodeFont" <ipxt1-u0222.enc <ipxm-r-u0222.pfb
ipxm-r-u0223 IMFCTT1-u0223 "ipxt1-u0223 ReEncodeFont" <ipxt1-u0223.enc <ipxm-r-u0223.pfb
ipxm-r-u0226 IMFCTT1-u0226 "ipxt1-u0226 ReEncodeFont" <ipxt1-u0226.enc <ipxm-r-u0226.pfb
ipxm-r-u0228 IMFCTT1-u0228 "ipxt1-u0228 ReEncodeFont" <ipxt1-u0228.enc <ipxm-r-u0228.pfb
ipxm-r-u0229 IMFCTT1-u0229 "ipxt1-u0229 ReEncodeFont" <ipxt1-u0229.enc <ipxm-r-u0229.pfb
ipxm-r-u022a IMFCTT1-u022a "ipxt1-u022a ReEncodeFont" <ipxt1-u022a.enc <ipxm-r-u022a.pfb
ipxm-r-u022b IMFCTT1-u022b "ipxt1-u022b ReEncodeFont" <ipxt1-u022b.enc <ipxm-r-u022b.pfb
ipxm-r-u022c IMFCTT1-u022c "ipxt1-u022c ReEncodeFont" <ipxt1-u022c.enc <ipxm-r-u022c.pfb
ipxm-r-u022d IMFCTT1-u022d "ipxt1-u022d ReEncodeFont" <ipxt1-u022d.enc <ipxm-r-u022d.pfb
ipxm-r-u0231 IMFCTT1-u0231 "ipxt1-u0231 ReEncodeFont" <ipxt1-u0231.enc <ipxm-r-u0231.pfb
ipxm-r-u0233 IMFCTT1-u0233 "ipxt1-u0233 ReEncodeFont" <ipxt1-u0233.enc <ipxm-r-u0233.pfb
ipxm-r-u0234 IMFCTT1-u0234 "ipxt1-u0234 ReEncodeFont" <ipxt1-u0234.enc <ipxm-r-u0234.pfb
ipxm-r-u0235 IMFCTT1-u0235 "ipxt1-u0235 ReEncodeFont" <ipxt1-u0235.enc <ipxm-r-u0235.pfb
ipxm-r-u0236 IMFCTT1-u0236 "ipxt1-u0236 ReEncodeFont" <ipxt1-u0236.enc <ipxm-r-u0236.pfb
ipxm-r-u0237 IMFCTT1-u0237 "ipxt1-u0237 ReEncodeFont" <ipxt1-u0237.enc <ipxm-r-u0237.pfb
ipxm-r-u0238 IMFCTT1-u0238 "ipxt1-u0238 ReEncodeFont" <ipxt1-u0238.enc <ipxm-r-u0238.pfb
ipxm-r-u023a IMFCTT1-u023a "ipxt1-u023a ReEncodeFont" <ipxt1-u023a.enc <ipxm-r-u023a.pfb
ipxm-r-u023c IMFCTT1-u023c "ipxt1-u023c ReEncodeFont" <ipxt1-u023c.enc <ipxm-r-u023c.pfb
ipxm-r-u023d IMFCTT1-u023d "ipxt1-u023d ReEncodeFont" <ipxt1-u023d.enc <ipxm-r-u023d.pfb
ipxm-r-u023f IMFCTT1-u023f "ipxt1-u023f ReEncodeFont" <ipxt1-u023f.enc <ipxm-r-u023f.pfb
ipxm-r-u0240 IMFCTT1-u0240 "ipxt1-u0240 ReEncodeFont" <ipxt1-u0240.enc <ipxm-r-u0240.pfb
ipxm-r-u0241 IMFCTT1-u0241 "ipxt1-u0241 ReEncodeFont" <ipxt1-u0241.enc <ipxm-r-u0241.pfb
ipxm-r-u0243 IMFCTT1-u0243 "ipxt1-u0243 ReEncodeFont" <ipxt1-u0243.enc <ipxm-r-u0243.pfb
ipxm-r-u0246 IMFCTT1-u0246 "ipxt1-u0246 ReEncodeFont" <ipxt1-u0246.enc <ipxm-r-u0246.pfb
ipxm-r-u0247 IMFCTT1-u0247 "ipxt1-u0247 ReEncodeFont" <ipxt1-u0247.enc <ipxm-r-u0247.pfb
ipxm-r-u0248 IMFCTT1-u0248 "ipxt1-u0248 ReEncodeFont" <ipxt1-u0248.enc <ipxm-r-u0248.pfb
ipxm-r-u024a IMFCTT1-u024a "ipxt1-u024a ReEncodeFont" <ipxt1-u024a.enc <ipxm-r-u024a.pfb
ipxm-r-u024b IMFCTT1-u024b "ipxt1-u024b ReEncodeFont" <ipxt1-u024b.enc <ipxm-r-u024b.pfb
ipxm-r-u024c IMFCTT1-u024c "ipxt1-u024c ReEncodeFont" <ipxt1-u024c.enc <ipxm-r-u024c.pfb
ipxm-r-u024d IMFCTT1-u024d "ipxt1-u024d ReEncodeFont" <ipxt1-u024d.enc <ipxm-r-u024d.pfb
ipxm-r-u024e IMFCTT1-u024e "ipxt1-u024e ReEncodeFont" <ipxt1-u024e.enc <ipxm-r-u024e.pfb
ipxm-r-u0250 IMFCTT1-u0250 "ipxt1-u0250 ReEncodeFont" <ipxt1-u0250.enc <ipxm-r-u0250.pfb
ipxm-r-u0251 IMFCTT1-u0251 "ipxt1-u0251 ReEncodeFont" <ipxt1-u0251.enc <ipxm-r-u0251.pfb
ipxm-r-u0252 IMFCTT1-u0252 "ipxt1-u0252 ReEncodeFont" <ipxt1-u0252.enc <ipxm-r-u0252.pfb
ipxm-r-u0254 IMFCTT1-u0254 "ipxt1-u0254 ReEncodeFont" <ipxt1-u0254.enc <ipxm-r-u0254.pfb
ipxm-r-u0255 IMFCTT1-u0255 "ipxt1-u0255 ReEncodeFont" <ipxt1-u0255.enc <ipxm-r-u0255.pfb
ipxm-r-u0257 IMFCTT1-u0257 "ipxt1-u0257 ReEncodeFont" <ipxt1-u0257.enc <ipxm-r-u0257.pfb
ipxm-r-u0259 IMFCTT1-u0259 "ipxt1-u0259 ReEncodeFont" <ipxt1-u0259.enc <ipxm-r-u0259.pfb
ipxm-r-u025a IMFCTT1-u025a "ipxt1-u025a ReEncodeFont" <ipxt1-u025a.enc <ipxm-r-u025a.pfb
ipxm-r-u025b IMFCTT1-u025b "ipxt1-u025b ReEncodeFont" <ipxt1-u025b.enc <ipxm-r-u025b.pfb
ipxm-r-u025c IMFCTT1-u025c "ipxt1-u025c ReEncodeFont" <ipxt1-u025c.enc <ipxm-r-u025c.pfb
ipxm-r-u025d IMFCTT1-u025d "ipxt1-u025d ReEncodeFont" <ipxt1-u025d.enc <ipxm-r-u025d.pfb
ipxm-r-u025e IMFCTT1-u025e "ipxt1-u025e ReEncodeFont" <ipxt1-u025e.enc <ipxm-r-u025e.pfb
ipxm-r-u025f IMFCTT1-u025f "ipxt1-u025f ReEncodeFont" <ipxt1-u025f.enc <ipxm-r-u025f.pfb
ipxm-r-u0260 IMFCTT1-u0260 "ipxt1-u0260 ReEncodeFont" <ipxt1-u0260.enc <ipxm-r-u0260.pfb
ipxm-r-u0262 IMFCTT1-u0262 "ipxt1-u0262 ReEncodeFont" <ipxt1-u0262.enc <ipxm-r-u0262.pfb
ipxm-r-u0263 IMFCTT1-u0263 "ipxt1-u0263 ReEncodeFont" <ipxt1-u0263.enc <ipxm-r-u0263.pfb
ipxm-r-u0264 IMFCTT1-u0264 "ipxt1-u0264 ReEncodeFont" <ipxt1-u0264.enc <ipxm-r-u0264.pfb
ipxm-r-u0266 IMFCTT1-u0266 "ipxt1-u0266 ReEncodeFont" <ipxt1-u0266.enc <ipxm-r-u0266.pfb
ipxm-r-u0267 IMFCTT1-u0267 "ipxt1-u0267 ReEncodeFont" <ipxt1-u0267.enc <ipxm-r-u0267.pfb
ipxm-r-u0268 IMFCTT1-u0268 "ipxt1-u0268 ReEncodeFont" <ipxt1-u0268.enc <ipxm-r-u0268.pfb
ipxm-r-u0269 IMFCTT1-u0269 "ipxt1-u0269 ReEncodeFont" <ipxt1-u0269.enc <ipxm-r-u0269.pfb
ipxm-r-u026a IMFCTT1-u026a "ipxt1-u026a ReEncodeFont" <ipxt1-u026a.enc <ipxm-r-u026a.pfb
ipxm-r-u026c IMFCTT1-u026c "ipxt1-u026c ReEncodeFont" <ipxt1-u026c.enc <ipxm-r-u026c.pfb
ipxm-r-u026e IMFCTT1-u026e "ipxt1-u026e ReEncodeFont" <ipxt1-u026e.enc <ipxm-r-u026e.pfb
ipxm-r-u026f IMFCTT1-u026f "ipxt1-u026f ReEncodeFont" <ipxt1-u026f.enc <ipxm-r-u026f.pfb
ipxm-r-u0270 IMFCTT1-u0270 "ipxt1-u0270 ReEncodeFont" <ipxt1-u0270.enc <ipxm-r-u0270.pfb
ipxm-r-u0271 IMFCTT1-u0271 "ipxt1-u0271 ReEncodeFont" <ipxt1-u0271.enc <ipxm-r-u0271.pfb
ipxm-r-u0273 IMFCTT1-u0273 "ipxt1-u0273 ReEncodeFont" <ipxt1-u0273.enc <ipxm-r-u0273.pfb
ipxm-r-u0274 IMFCTT1-u0274 "ipxt1-u0274 ReEncodeFont" <ipxt1-u0274.enc <ipxm-r-u0274.pfb
ipxm-r-u0276 IMFCTT1-u0276 "ipxt1-u0276 ReEncodeFont" <ipxt1-u0276.enc <ipxm-r-u0276.pfb
ipxm-r-u0277 IMFCTT1-u0277 "ipxt1-u0277 ReEncodeFont" <ipxt1-u0277.enc <ipxm-r-u0277.pfb
ipxm-r-u0279 IMFCTT1-u0279 "ipxt1-u0279 ReEncodeFont" <ipxt1-u0279.enc <ipxm-r-u0279.pfb
ipxm-r-u027a IMFCTT1-u027a "ipxt1-u027a ReEncodeFont" <ipxt1-u027a.enc <ipxm-r-u027a.pfb
ipxm-r-u027b IMFCTT1-u027b "ipxt1-u027b ReEncodeFont" <ipxt1-u027b.enc <ipxm-r-u027b.pfb
ipxm-r-u027c IMFCTT1-u027c "ipxt1-u027c ReEncodeFont" <ipxt1-u027c.enc <ipxm-r-u027c.pfb
ipxm-r-u027d IMFCTT1-u027d "ipxt1-u027d ReEncodeFont" <ipxt1-u027d.enc <ipxm-r-u027d.pfb
ipxm-r-u027e IMFCTT1-u027e "ipxt1-u027e ReEncodeFont" <ipxt1-u027e.enc <ipxm-r-u027e.pfb
ipxm-r-u027f IMFCTT1-u027f "ipxt1-u027f ReEncodeFont" <ipxt1-u027f.enc <ipxm-r-u027f.pfb
ipxm-r-u0280 IMFCTT1-u0280 "ipxt1-u0280 ReEncodeFont" <ipxt1-u0280.enc <ipxm-r-u0280.pfb
ipxm-r-u0282 IMFCTT1-u0282 "ipxt1-u0282 ReEncodeFont" <ipxt1-u0282.enc <ipxm-r-u0282.pfb
ipxm-r-u0283 IMFCTT1-u0283 "ipxt1-u0283 ReEncodeFont" <ipxt1-u0283.enc <ipxm-r-u0283.pfb
ipxm-r-u0284 IMFCTT1-u0284 "ipxt1-u0284 ReEncodeFont" <ipxt1-u0284.enc <ipxm-r-u0284.pfb
ipxm-r-u0285 IMFCTT1-u0285 "ipxt1-u0285 ReEncodeFont" <ipxt1-u0285.enc <ipxm-r-u0285.pfb
ipxm-r-u0286 IMFCTT1-u0286 "ipxt1-u0286 ReEncodeFont" <ipxt1-u0286.enc <ipxm-r-u0286.pfb
ipxm-r-u0289 IMFCTT1-u0289 "ipxt1-u0289 ReEncodeFont" <ipxt1-u0289.enc <ipxm-r-u0289.pfb
ipxm-r-u028a IMFCTT1-u028a "ipxt1-u028a ReEncodeFont" <ipxt1-u028a.enc <ipxm-r-u028a.pfb
ipxm-r-u028b IMFCTT1-u028b "ipxt1-u028b ReEncodeFont" <ipxt1-u028b.enc <ipxm-r-u028b.pfb
ipxm-r-u028d IMFCTT1-u028d "ipxt1-u028d ReEncodeFont" <ipxt1-u028d.enc <ipxm-r-u028d.pfb
ipxm-r-u028e IMFCTT1-u028e "ipxt1-u028e ReEncodeFont" <ipxt1-u028e.enc <ipxm-r-u028e.pfb
ipxm-r-u028f IMFCTT1-u028f "ipxt1-u028f ReEncodeFont" <ipxt1-u028f.enc <ipxm-r-u028f.pfb
ipxm-r-u0292 IMFCTT1-u0292 "ipxt1-u0292 ReEncodeFont" <ipxt1-u0292.enc <ipxm-r-u0292.pfb
ipxm-r-u0294 IMFCTT1-u0294 "ipxt1-u0294 ReEncodeFont" <ipxt1-u0294.enc <ipxm-r-u0294.pfb
ipxm-r-u0295 IMFCTT1-u0295 "ipxt1-u0295 ReEncodeFont" <ipxt1-u0295.enc <ipxm-r-u0295.pfb
ipxm-r-u0296 IMFCTT1-u0296 "ipxt1-u0296 ReEncodeFont" <ipxt1-u0296.enc <ipxm-r-u0296.pfb
ipxm-r-u0297 IMFCTT1-u0297 "ipxt1-u0297 ReEncodeFont" <ipxt1-u0297.enc <ipxm-r-u0297.pfb
ipxm-r-u0298 IMFCTT1-u0298 "ipxt1-u0298 ReEncodeFont" <ipxt1-u0298.enc <ipxm-r-u0298.pfb
ipxm-r-u029a IMFCTT1-u029a "ipxt1-u029a ReEncodeFont" <ipxt1-u029a.enc <ipxm-r-u029a.pfb
ipxm-r-u029d IMFCTT1-u029d "ipxt1-u029d ReEncodeFont" <ipxt1-u029d.enc <ipxm-r-u029d.pfb
ipxm-r-u029e IMFCTT1-u029e "ipxt1-u029e ReEncodeFont" <ipxt1-u029e.enc <ipxm-r-u029e.pfb
ipxm-r-u029f IMFCTT1-u029f "ipxt1-u029f ReEncodeFont" <ipxt1-u029f.enc <ipxm-r-u029f.pfb
ipxm-r-u02a0 IMFCTT1-u02a0 "ipxt1-u02a0 ReEncodeFont" <ipxt1-u02a0.enc <ipxm-r-u02a0.pfb
ipxm-r-u02a1 IMFCTT1-u02a1 "ipxt1-u02a1 ReEncodeFont" <ipxt1-u02a1.enc <ipxm-r-u02a1.pfb
ipxm-r-u02a3 IMFCTT1-u02a3 "ipxt1-u02a3 ReEncodeFont" <ipxt1-u02a3.enc <ipxm-r-u02a3.pfb
ipxm-r-u02a4 IMFCTT1-u02a4 "ipxt1-u02a4 ReEncodeFont" <ipxt1-u02a4.enc <ipxm-r-u02a4.pfb
ipxm-r-u02a5 IMFCTT1-u02a5 "ipxt1-u02a5 ReEncodeFont" <ipxt1-u02a5.enc <ipxm-r-u02a5.pfb
ipxm-r-u02a6 IMFCTT1-u02a6 "ipxt1-u02a6 ReEncodeFont" <ipxt1-u02a6.enc <ipxm-r-u02a6.pfb
ipxm-r-u02f8 IMFCTT1-u02f8 "ipxt1-u02f8 ReEncodeFont" <ipxt1-u02f8.enc <ipxm-r-u02f8.pfb
ipxm-ro-ot1 IMFCTT1-ot1 ".25 SlantFont ipxt1-ot1 ReEncodeFont" <ipxt1-ot1.enc <ipxm-r-ot1.pfb
ipxm-ro-t1 IMFCTT1-t1 ".25 SlantFont ipxt1-t1 ReEncodeFont" <ipxt1-t1.enc <ipxm-r-t1.pfb
ipxm-ro-ts1 IMFCTT1-ts1 ".25 SlantFont ipxt1-ts1 ReEncodeFont" <ipxt1-ts1.enc <ipxm-r-ts1.pfb
ipxm-ro-ly1 IMFCTT1-ly1 ".25 SlantFont ipxt1-ly1 ReEncodeFont" <ipxt1-ly1.enc <ipxm-r-ly1.pfb
ipxm-ro-u00 IMFCTT1-u00 ".25 SlantFont ipxt1-u00 ReEncodeFont" <ipxt1-u00.enc <ipxm-r-u00.pfb
ipxm-ro-u01 IMFCTT1-u01 ".25 SlantFont ipxt1-u01 ReEncodeFont" <ipxt1-u01.enc <ipxm-r-u01.pfb
ipxm-ro-u02 IMFCTT1-u02 ".25 SlantFont ipxt1-u02 ReEncodeFont" <ipxt1-u02.enc <ipxm-r-u02.pfb
ipxm-ro-u03 IMFCTT1-u03 ".25 SlantFont ipxt1-u03 ReEncodeFont" <ipxt1-u03.enc <ipxm-r-u03.pfb
ipxm-ro-u04 IMFCTT1-u04 ".25 SlantFont ipxt1-u04 ReEncodeFont" <ipxt1-u04.enc <ipxm-r-u04.pfb
ipxm-ro-u1e IMFCTT1-u1e ".25 SlantFont ipxt1-u1e ReEncodeFont" <ipxt1-u1e.enc <ipxm-r-u1e.pfb
ipxm-ro-u1f IMFCTT1-u1f ".25 SlantFont ipxt1-u1f ReEncodeFont" <ipxt1-u1f.enc <ipxm-r-u1f.pfb
ipxm-ro-u20 IMFCTT1-u20 ".25 SlantFont ipxt1-u20 ReEncodeFont" <ipxt1-u20.enc <ipxm-r-u20.pfb
ipxm-ro-u21 IMFCTT1-u21 ".25 SlantFont ipxt1-u21 ReEncodeFont" <ipxt1-u21.enc <ipxm-r-u21.pfb
ipxm-ro-u22 IMFCTT1-u22 ".25 SlantFont ipxt1-u22 ReEncodeFont" <ipxt1-u22.enc <ipxm-r-u22.pfb
ipxm-ro-u23 IMFCTT1-u23 ".25 SlantFont ipxt1-u23 ReEncodeFont" <ipxt1-u23.enc <ipxm-r-u23.pfb
ipxm-ro-u24 IMFCTT1-u24 ".25 SlantFont ipxt1-u24 ReEncodeFont" <ipxt1-u24.enc <ipxm-r-u24.pfb
ipxm-ro-u25 IMFCTT1-u25 ".25 SlantFont ipxt1-u25 ReEncodeFont" <ipxt1-u25.enc <ipxm-r-u25.pfb
ipxm-ro-u26 IMFCTT1-u26 ".25 SlantFont ipxt1-u26 ReEncodeFont" <ipxt1-u26.enc <ipxm-r-u26.pfb
ipxm-ro-u27 IMFCTT1-u27 ".25 SlantFont ipxt1-u27 ReEncodeFont" <ipxt1-u27.enc <ipxm-r-u27.pfb
ipxm-ro-u29 IMFCTT1-u29 ".25 SlantFont ipxt1-u29 ReEncodeFont" <ipxt1-u29.enc <ipxm-r-u29.pfb
ipxm-ro-u2e IMFCTT1-u2e ".25 SlantFont ipxt1-u2e ReEncodeFont" <ipxt1-u2e.enc <ipxm-r-u2e.pfb
ipxm-ro-u2f IMFCTT1-u2f ".25 SlantFont ipxt1-u2f ReEncodeFont" <ipxt1-u2f.enc <ipxm-r-u2f.pfb
ipxm-ro-u30 IMFCTT1-u30 ".25 SlantFont ipxt1-u30 ReEncodeFont" <ipxt1-u30.enc <ipxm-r-u30.pfb
ipxm-ro-u31 IMFCTT1-u31 ".25 SlantFont ipxt1-u31 ReEncodeFont" <ipxt1-u31.enc <ipxm-r-u31.pfb
ipxm-ro-u32 IMFCTT1-u32 ".25 SlantFont ipxt1-u32 ReEncodeFont" <ipxt1-u32.enc <ipxm-r-u32.pfb
ipxm-ro-u33 IMFCTT1-u33 ".25 SlantFont ipxt1-u33 ReEncodeFont" <ipxt1-u33.enc <ipxm-r-u33.pfb
ipxm-ro-u34 IMFCTT1-u34 ".25 SlantFont ipxt1-u34 ReEncodeFont" <ipxt1-u34.enc <ipxm-r-u34.pfb
ipxm-ro-u35 IMFCTT1-u35 ".25 SlantFont ipxt1-u35 ReEncodeFont" <ipxt1-u35.enc <ipxm-r-u35.pfb
ipxm-ro-u36 IMFCTT1-u36 ".25 SlantFont ipxt1-u36 ReEncodeFont" <ipxt1-u36.enc <ipxm-r-u36.pfb
ipxm-ro-u37 IMFCTT1-u37 ".25 SlantFont ipxt1-u37 ReEncodeFont" <ipxt1-u37.enc <ipxm-r-u37.pfb
ipxm-ro-u38 IMFCTT1-u38 ".25 SlantFont ipxt1-u38 ReEncodeFont" <ipxt1-u38.enc <ipxm-r-u38.pfb
ipxm-ro-u39 IMFCTT1-u39 ".25 SlantFont ipxt1-u39 ReEncodeFont" <ipxt1-u39.enc <ipxm-r-u39.pfb
ipxm-ro-u3a IMFCTT1-u3a ".25 SlantFont ipxt1-u3a ReEncodeFont" <ipxt1-u3a.enc <ipxm-r-u3a.pfb
ipxm-ro-u3b IMFCTT1-u3b ".25 SlantFont ipxt1-u3b ReEncodeFont" <ipxt1-u3b.enc <ipxm-r-u3b.pfb
ipxm-ro-u3c IMFCTT1-u3c ".25 SlantFont ipxt1-u3c ReEncodeFont" <ipxt1-u3c.enc <ipxm-r-u3c.pfb
ipxm-ro-u3d IMFCTT1-u3d ".25 SlantFont ipxt1-u3d ReEncodeFont" <ipxt1-u3d.enc <ipxm-r-u3d.pfb
ipxm-ro-u3e IMFCTT1-u3e ".25 SlantFont ipxt1-u3e ReEncodeFont" <ipxt1-u3e.enc <ipxm-r-u3e.pfb
ipxm-ro-u3f IMFCTT1-u3f ".25 SlantFont ipxt1-u3f ReEncodeFont" <ipxt1-u3f.enc <ipxm-r-u3f.pfb
ipxm-ro-u40 IMFCTT1-u40 ".25 SlantFont ipxt1-u40 ReEncodeFont" <ipxt1-u40.enc <ipxm-r-u40.pfb
ipxm-ro-u41 IMFCTT1-u41 ".25 SlantFont ipxt1-u41 ReEncodeFont" <ipxt1-u41.enc <ipxm-r-u41.pfb
ipxm-ro-u42 IMFCTT1-u42 ".25 SlantFont ipxt1-u42 ReEncodeFont" <ipxt1-u42.enc <ipxm-r-u42.pfb
ipxm-ro-u43 IMFCTT1-u43 ".25 SlantFont ipxt1-u43 ReEncodeFont" <ipxt1-u43.enc <ipxm-r-u43.pfb
ipxm-ro-u44 IMFCTT1-u44 ".25 SlantFont ipxt1-u44 ReEncodeFont" <ipxt1-u44.enc <ipxm-r-u44.pfb
ipxm-ro-u45 IMFCTT1-u45 ".25 SlantFont ipxt1-u45 ReEncodeFont" <ipxt1-u45.enc <ipxm-r-u45.pfb
ipxm-ro-u46 IMFCTT1-u46 ".25 SlantFont ipxt1-u46 ReEncodeFont" <ipxt1-u46.enc <ipxm-r-u46.pfb
ipxm-ro-u47 IMFCTT1-u47 ".25 SlantFont ipxt1-u47 ReEncodeFont" <ipxt1-u47.enc <ipxm-r-u47.pfb
ipxm-ro-u48 IMFCTT1-u48 ".25 SlantFont ipxt1-u48 ReEncodeFont" <ipxt1-u48.enc <ipxm-r-u48.pfb
ipxm-ro-u49 IMFCTT1-u49 ".25 SlantFont ipxt1-u49 ReEncodeFont" <ipxt1-u49.enc <ipxm-r-u49.pfb
ipxm-ro-u4a IMFCTT1-u4a ".25 SlantFont ipxt1-u4a ReEncodeFont" <ipxt1-u4a.enc <ipxm-r-u4a.pfb
ipxm-ro-u4b IMFCTT1-u4b ".25 SlantFont ipxt1-u4b ReEncodeFont" <ipxt1-u4b.enc <ipxm-r-u4b.pfb
ipxm-ro-u4c IMFCTT1-u4c ".25 SlantFont ipxt1-u4c ReEncodeFont" <ipxt1-u4c.enc <ipxm-r-u4c.pfb
ipxm-ro-u4d IMFCTT1-u4d ".25 SlantFont ipxt1-u4d ReEncodeFont" <ipxt1-u4d.enc <ipxm-r-u4d.pfb
ipxm-ro-u4e IMFCTT1-u4e ".25 SlantFont ipxt1-u4e ReEncodeFont" <ipxt1-u4e.enc <ipxm-r-u4e.pfb
ipxm-ro-u4f IMFCTT1-u4f ".25 SlantFont ipxt1-u4f ReEncodeFont" <ipxt1-u4f.enc <ipxm-r-u4f.pfb
ipxm-ro-u50 IMFCTT1-u50 ".25 SlantFont ipxt1-u50 ReEncodeFont" <ipxt1-u50.enc <ipxm-r-u50.pfb
ipxm-ro-u51 IMFCTT1-u51 ".25 SlantFont ipxt1-u51 ReEncodeFont" <ipxt1-u51.enc <ipxm-r-u51.pfb
ipxm-ro-u52 IMFCTT1-u52 ".25 SlantFont ipxt1-u52 ReEncodeFont" <ipxt1-u52.enc <ipxm-r-u52.pfb
ipxm-ro-u53 IMFCTT1-u53 ".25 SlantFont ipxt1-u53 ReEncodeFont" <ipxt1-u53.enc <ipxm-r-u53.pfb
ipxm-ro-u54 IMFCTT1-u54 ".25 SlantFont ipxt1-u54 ReEncodeFont" <ipxt1-u54.enc <ipxm-r-u54.pfb
ipxm-ro-u55 IMFCTT1-u55 ".25 SlantFont ipxt1-u55 ReEncodeFont" <ipxt1-u55.enc <ipxm-r-u55.pfb
ipxm-ro-u56 IMFCTT1-u56 ".25 SlantFont ipxt1-u56 ReEncodeFont" <ipxt1-u56.enc <ipxm-r-u56.pfb
ipxm-ro-u57 IMFCTT1-u57 ".25 SlantFont ipxt1-u57 ReEncodeFont" <ipxt1-u57.enc <ipxm-r-u57.pfb
ipxm-ro-u58 IMFCTT1-u58 ".25 SlantFont ipxt1-u58 ReEncodeFont" <ipxt1-u58.enc <ipxm-r-u58.pfb
ipxm-ro-u59 IMFCTT1-u59 ".25 SlantFont ipxt1-u59 ReEncodeFont" <ipxt1-u59.enc <ipxm-r-u59.pfb
ipxm-ro-u5a IMFCTT1-u5a ".25 SlantFont ipxt1-u5a ReEncodeFont" <ipxt1-u5a.enc <ipxm-r-u5a.pfb
ipxm-ro-u5b IMFCTT1-u5b ".25 SlantFont ipxt1-u5b ReEncodeFont" <ipxt1-u5b.enc <ipxm-r-u5b.pfb
ipxm-ro-u5c IMFCTT1-u5c ".25 SlantFont ipxt1-u5c ReEncodeFont" <ipxt1-u5c.enc <ipxm-r-u5c.pfb
ipxm-ro-u5d IMFCTT1-u5d ".25 SlantFont ipxt1-u5d ReEncodeFont" <ipxt1-u5d.enc <ipxm-r-u5d.pfb
ipxm-ro-u5e IMFCTT1-u5e ".25 SlantFont ipxt1-u5e ReEncodeFont" <ipxt1-u5e.enc <ipxm-r-u5e.pfb
ipxm-ro-u5f IMFCTT1-u5f ".25 SlantFont ipxt1-u5f ReEncodeFont" <ipxt1-u5f.enc <ipxm-r-u5f.pfb
ipxm-ro-u60 IMFCTT1-u60 ".25 SlantFont ipxt1-u60 ReEncodeFont" <ipxt1-u60.enc <ipxm-r-u60.pfb
ipxm-ro-u61 IMFCTT1-u61 ".25 SlantFont ipxt1-u61 ReEncodeFont" <ipxt1-u61.enc <ipxm-r-u61.pfb
ipxm-ro-u62 IMFCTT1-u62 ".25 SlantFont ipxt1-u62 ReEncodeFont" <ipxt1-u62.enc <ipxm-r-u62.pfb
ipxm-ro-u63 IMFCTT1-u63 ".25 SlantFont ipxt1-u63 ReEncodeFont" <ipxt1-u63.enc <ipxm-r-u63.pfb
ipxm-ro-u64 IMFCTT1-u64 ".25 SlantFont ipxt1-u64 ReEncodeFont" <ipxt1-u64.enc <ipxm-r-u64.pfb
ipxm-ro-u65 IMFCTT1-u65 ".25 SlantFont ipxt1-u65 ReEncodeFont" <ipxt1-u65.enc <ipxm-r-u65.pfb
ipxm-ro-u66 IMFCTT1-u66 ".25 SlantFont ipxt1-u66 ReEncodeFont" <ipxt1-u66.enc <ipxm-r-u66.pfb
ipxm-ro-u67 IMFCTT1-u67 ".25 SlantFont ipxt1-u67 ReEncodeFont" <ipxt1-u67.enc <ipxm-r-u67.pfb
ipxm-ro-u68 IMFCTT1-u68 ".25 SlantFont ipxt1-u68 ReEncodeFont" <ipxt1-u68.enc <ipxm-r-u68.pfb
ipxm-ro-u69 IMFCTT1-u69 ".25 SlantFont ipxt1-u69 ReEncodeFont" <ipxt1-u69.enc <ipxm-r-u69.pfb
ipxm-ro-u6a IMFCTT1-u6a ".25 SlantFont ipxt1-u6a ReEncodeFont" <ipxt1-u6a.enc <ipxm-r-u6a.pfb
ipxm-ro-u6b IMFCTT1-u6b ".25 SlantFont ipxt1-u6b ReEncodeFont" <ipxt1-u6b.enc <ipxm-r-u6b.pfb
ipxm-ro-u6c IMFCTT1-u6c ".25 SlantFont ipxt1-u6c ReEncodeFont" <ipxt1-u6c.enc <ipxm-r-u6c.pfb
ipxm-ro-u6d IMFCTT1-u6d ".25 SlantFont ipxt1-u6d ReEncodeFont" <ipxt1-u6d.enc <ipxm-r-u6d.pfb
ipxm-ro-u6e IMFCTT1-u6e ".25 SlantFont ipxt1-u6e ReEncodeFont" <ipxt1-u6e.enc <ipxm-r-u6e.pfb
ipxm-ro-u6f IMFCTT1-u6f ".25 SlantFont ipxt1-u6f ReEncodeFont" <ipxt1-u6f.enc <ipxm-r-u6f.pfb
ipxm-ro-u70 IMFCTT1-u70 ".25 SlantFont ipxt1-u70 ReEncodeFont" <ipxt1-u70.enc <ipxm-r-u70.pfb
ipxm-ro-u71 IMFCTT1-u71 ".25 SlantFont ipxt1-u71 ReEncodeFont" <ipxt1-u71.enc <ipxm-r-u71.pfb
ipxm-ro-u72 IMFCTT1-u72 ".25 SlantFont ipxt1-u72 ReEncodeFont" <ipxt1-u72.enc <ipxm-r-u72.pfb
ipxm-ro-u73 IMFCTT1-u73 ".25 SlantFont ipxt1-u73 ReEncodeFont" <ipxt1-u73.enc <ipxm-r-u73.pfb
ipxm-ro-u74 IMFCTT1-u74 ".25 SlantFont ipxt1-u74 ReEncodeFont" <ipxt1-u74.enc <ipxm-r-u74.pfb
ipxm-ro-u75 IMFCTT1-u75 ".25 SlantFont ipxt1-u75 ReEncodeFont" <ipxt1-u75.enc <ipxm-r-u75.pfb
ipxm-ro-u76 IMFCTT1-u76 ".25 SlantFont ipxt1-u76 ReEncodeFont" <ipxt1-u76.enc <ipxm-r-u76.pfb
ipxm-ro-u77 IMFCTT1-u77 ".25 SlantFont ipxt1-u77 ReEncodeFont" <ipxt1-u77.enc <ipxm-r-u77.pfb
ipxm-ro-u78 IMFCTT1-u78 ".25 SlantFont ipxt1-u78 ReEncodeFont" <ipxt1-u78.enc <ipxm-r-u78.pfb
ipxm-ro-u79 IMFCTT1-u79 ".25 SlantFont ipxt1-u79 ReEncodeFont" <ipxt1-u79.enc <ipxm-r-u79.pfb
ipxm-ro-u7a IMFCTT1-u7a ".25 SlantFont ipxt1-u7a ReEncodeFont" <ipxt1-u7a.enc <ipxm-r-u7a.pfb
ipxm-ro-u7b IMFCTT1-u7b ".25 SlantFont ipxt1-u7b ReEncodeFont" <ipxt1-u7b.enc <ipxm-r-u7b.pfb
ipxm-ro-u7c IMFCTT1-u7c ".25 SlantFont ipxt1-u7c ReEncodeFont" <ipxt1-u7c.enc <ipxm-r-u7c.pfb
ipxm-ro-u7d IMFCTT1-u7d ".25 SlantFont ipxt1-u7d ReEncodeFont" <ipxt1-u7d.enc <ipxm-r-u7d.pfb
ipxm-ro-u7e IMFCTT1-u7e ".25 SlantFont ipxt1-u7e ReEncodeFont" <ipxt1-u7e.enc <ipxm-r-u7e.pfb
ipxm-ro-u7f IMFCTT1-u7f ".25 SlantFont ipxt1-u7f ReEncodeFont" <ipxt1-u7f.enc <ipxm-r-u7f.pfb
ipxm-ro-u80 IMFCTT1-u80 ".25 SlantFont ipxt1-u80 ReEncodeFont" <ipxt1-u80.enc <ipxm-r-u80.pfb
ipxm-ro-u81 IMFCTT1-u81 ".25 SlantFont ipxt1-u81 ReEncodeFont" <ipxt1-u81.enc <ipxm-r-u81.pfb
ipxm-ro-u82 IMFCTT1-u82 ".25 SlantFont ipxt1-u82 ReEncodeFont" <ipxt1-u82.enc <ipxm-r-u82.pfb
ipxm-ro-u83 IMFCTT1-u83 ".25 SlantFont ipxt1-u83 ReEncodeFont" <ipxt1-u83.enc <ipxm-r-u83.pfb
ipxm-ro-u84 IMFCTT1-u84 ".25 SlantFont ipxt1-u84 ReEncodeFont" <ipxt1-u84.enc <ipxm-r-u84.pfb
ipxm-ro-u85 IMFCTT1-u85 ".25 SlantFont ipxt1-u85 ReEncodeFont" <ipxt1-u85.enc <ipxm-r-u85.pfb
ipxm-ro-u86 IMFCTT1-u86 ".25 SlantFont ipxt1-u86 ReEncodeFont" <ipxt1-u86.enc <ipxm-r-u86.pfb
ipxm-ro-u87 IMFCTT1-u87 ".25 SlantFont ipxt1-u87 ReEncodeFont" <ipxt1-u87.enc <ipxm-r-u87.pfb
ipxm-ro-u88 IMFCTT1-u88 ".25 SlantFont ipxt1-u88 ReEncodeFont" <ipxt1-u88.enc <ipxm-r-u88.pfb
ipxm-ro-u89 IMFCTT1-u89 ".25 SlantFont ipxt1-u89 ReEncodeFont" <ipxt1-u89.enc <ipxm-r-u89.pfb
ipxm-ro-u8a IMFCTT1-u8a ".25 SlantFont ipxt1-u8a ReEncodeFont" <ipxt1-u8a.enc <ipxm-r-u8a.pfb
ipxm-ro-u8b IMFCTT1-u8b ".25 SlantFont ipxt1-u8b ReEncodeFont" <ipxt1-u8b.enc <ipxm-r-u8b.pfb
ipxm-ro-u8c IMFCTT1-u8c ".25 SlantFont ipxt1-u8c ReEncodeFont" <ipxt1-u8c.enc <ipxm-r-u8c.pfb
ipxm-ro-u8d IMFCTT1-u8d ".25 SlantFont ipxt1-u8d ReEncodeFont" <ipxt1-u8d.enc <ipxm-r-u8d.pfb
ipxm-ro-u8e IMFCTT1-u8e ".25 SlantFont ipxt1-u8e ReEncodeFont" <ipxt1-u8e.enc <ipxm-r-u8e.pfb
ipxm-ro-u8f IMFCTT1-u8f ".25 SlantFont ipxt1-u8f ReEncodeFont" <ipxt1-u8f.enc <ipxm-r-u8f.pfb
ipxm-ro-u90 IMFCTT1-u90 ".25 SlantFont ipxt1-u90 ReEncodeFont" <ipxt1-u90.enc <ipxm-r-u90.pfb
ipxm-ro-u91 IMFCTT1-u91 ".25 SlantFont ipxt1-u91 ReEncodeFont" <ipxt1-u91.enc <ipxm-r-u91.pfb
ipxm-ro-u92 IMFCTT1-u92 ".25 SlantFont ipxt1-u92 ReEncodeFont" <ipxt1-u92.enc <ipxm-r-u92.pfb
ipxm-ro-u93 IMFCTT1-u93 ".25 SlantFont ipxt1-u93 ReEncodeFont" <ipxt1-u93.enc <ipxm-r-u93.pfb
ipxm-ro-u94 IMFCTT1-u94 ".25 SlantFont ipxt1-u94 ReEncodeFont" <ipxt1-u94.enc <ipxm-r-u94.pfb
ipxm-ro-u95 IMFCTT1-u95 ".25 SlantFont ipxt1-u95 ReEncodeFont" <ipxt1-u95.enc <ipxm-r-u95.pfb
ipxm-ro-u96 IMFCTT1-u96 ".25 SlantFont ipxt1-u96 ReEncodeFont" <ipxt1-u96.enc <ipxm-r-u96.pfb
ipxm-ro-u97 IMFCTT1-u97 ".25 SlantFont ipxt1-u97 ReEncodeFont" <ipxt1-u97.enc <ipxm-r-u97.pfb
ipxm-ro-u98 IMFCTT1-u98 ".25 SlantFont ipxt1-u98 ReEncodeFont" <ipxt1-u98.enc <ipxm-r-u98.pfb
ipxm-ro-u99 IMFCTT1-u99 ".25 SlantFont ipxt1-u99 ReEncodeFont" <ipxt1-u99.enc <ipxm-r-u99.pfb
ipxm-ro-u9a IMFCTT1-u9a ".25 SlantFont ipxt1-u9a ReEncodeFont" <ipxt1-u9a.enc <ipxm-r-u9a.pfb
ipxm-ro-u9b IMFCTT1-u9b ".25 SlantFont ipxt1-u9b ReEncodeFont" <ipxt1-u9b.enc <ipxm-r-u9b.pfb
ipxm-ro-u9c IMFCTT1-u9c ".25 SlantFont ipxt1-u9c ReEncodeFont" <ipxt1-u9c.enc <ipxm-r-u9c.pfb
ipxm-ro-u9d IMFCTT1-u9d ".25 SlantFont ipxt1-u9d ReEncodeFont" <ipxt1-u9d.enc <ipxm-r-u9d.pfb
ipxm-ro-u9e IMFCTT1-u9e ".25 SlantFont ipxt1-u9e ReEncodeFont" <ipxt1-u9e.enc <ipxm-r-u9e.pfb
ipxm-ro-u9f IMFCTT1-u9f ".25 SlantFont ipxt1-u9f ReEncodeFont" <ipxt1-u9f.enc <ipxm-r-u9f.pfb
ipxm-ro-uf8 IMFCTT1-uf8 ".25 SlantFont ipxt1-uf8 ReEncodeFont" <ipxt1-uf8.enc <ipxm-r-uf8.pfb
ipxm-ro-uf9 IMFCTT1-uf9 ".25 SlantFont ipxt1-uf9 ReEncodeFont" <ipxt1-uf9.enc <ipxm-r-uf9.pfb
ipxm-ro-ufa IMFCTT1-ufa ".25 SlantFont ipxt1-ufa ReEncodeFont" <ipxt1-ufa.enc <ipxm-r-ufa.pfb
ipxm-ro-ufe IMFCTT1-ufe ".25 SlantFont ipxt1-ufe ReEncodeFont" <ipxt1-ufe.enc <ipxm-r-ufe.pfb
ipxm-ro-uff IMFCTT1-uff ".25 SlantFont ipxt1-uff ReEncodeFont" <ipxt1-uff.enc <ipxm-r-uff.pfb
ipxm-ro-u0200 IMFCTT1-u0200 ".25 SlantFont ipxt1-u0200 ReEncodeFont" <ipxt1-u0200.enc <ipxm-r-u0200.pfb
ipxm-ro-u0201 IMFCTT1-u0201 ".25 SlantFont ipxt1-u0201 ReEncodeFont" <ipxt1-u0201.enc <ipxm-r-u0201.pfb
ipxm-ro-u0202 IMFCTT1-u0202 ".25 SlantFont ipxt1-u0202 ReEncodeFont" <ipxt1-u0202.enc <ipxm-r-u0202.pfb
ipxm-ro-u0203 IMFCTT1-u0203 ".25 SlantFont ipxt1-u0203 ReEncodeFont" <ipxt1-u0203.enc <ipxm-r-u0203.pfb
ipxm-ro-u0204 IMFCTT1-u0204 ".25 SlantFont ipxt1-u0204 ReEncodeFont" <ipxt1-u0204.enc <ipxm-r-u0204.pfb
ipxm-ro-u0205 IMFCTT1-u0205 ".25 SlantFont ipxt1-u0205 ReEncodeFont" <ipxt1-u0205.enc <ipxm-r-u0205.pfb
ipxm-ro-u0206 IMFCTT1-u0206 ".25 SlantFont ipxt1-u0206 ReEncodeFont" <ipxt1-u0206.enc <ipxm-r-u0206.pfb
ipxm-ro-u0207 IMFCTT1-u0207 ".25 SlantFont ipxt1-u0207 ReEncodeFont" <ipxt1-u0207.enc <ipxm-r-u0207.pfb
ipxm-ro-u0208 IMFCTT1-u0208 ".25 SlantFont ipxt1-u0208 ReEncodeFont" <ipxt1-u0208.enc <ipxm-r-u0208.pfb
ipxm-ro-u0209 IMFCTT1-u0209 ".25 SlantFont ipxt1-u0209 ReEncodeFont" <ipxt1-u0209.enc <ipxm-r-u0209.pfb
ipxm-ro-u020a IMFCTT1-u020a ".25 SlantFont ipxt1-u020a ReEncodeFont" <ipxt1-u020a.enc <ipxm-r-u020a.pfb
ipxm-ro-u020b IMFCTT1-u020b ".25 SlantFont ipxt1-u020b ReEncodeFont" <ipxt1-u020b.enc <ipxm-r-u020b.pfb
ipxm-ro-u020d IMFCTT1-u020d ".25 SlantFont ipxt1-u020d ReEncodeFont" <ipxt1-u020d.enc <ipxm-r-u020d.pfb
ipxm-ro-u020e IMFCTT1-u020e ".25 SlantFont ipxt1-u020e ReEncodeFont" <ipxt1-u020e.enc <ipxm-r-u020e.pfb
ipxm-ro-u020f IMFCTT1-u020f ".25 SlantFont ipxt1-u020f ReEncodeFont" <ipxt1-u020f.enc <ipxm-r-u020f.pfb
ipxm-ro-u0212 IMFCTT1-u0212 ".25 SlantFont ipxt1-u0212 ReEncodeFont" <ipxt1-u0212.enc <ipxm-r-u0212.pfb
ipxm-ro-u0213 IMFCTT1-u0213 ".25 SlantFont ipxt1-u0213 ReEncodeFont" <ipxt1-u0213.enc <ipxm-r-u0213.pfb
ipxm-ro-u0214 IMFCTT1-u0214 ".25 SlantFont ipxt1-u0214 ReEncodeFont" <ipxt1-u0214.enc <ipxm-r-u0214.pfb
ipxm-ro-u0215 IMFCTT1-u0215 ".25 SlantFont ipxt1-u0215 ReEncodeFont" <ipxt1-u0215.enc <ipxm-r-u0215.pfb
ipxm-ro-u0216 IMFCTT1-u0216 ".25 SlantFont ipxt1-u0216 ReEncodeFont" <ipxt1-u0216.enc <ipxm-r-u0216.pfb
ipxm-ro-u0217 IMFCTT1-u0217 ".25 SlantFont ipxt1-u0217 ReEncodeFont" <ipxt1-u0217.enc <ipxm-r-u0217.pfb
ipxm-ro-u0218 IMFCTT1-u0218 ".25 SlantFont ipxt1-u0218 ReEncodeFont" <ipxt1-u0218.enc <ipxm-r-u0218.pfb
ipxm-ro-u0219 IMFCTT1-u0219 ".25 SlantFont ipxt1-u0219 ReEncodeFont" <ipxt1-u0219.enc <ipxm-r-u0219.pfb
ipxm-ro-u021c IMFCTT1-u021c ".25 SlantFont ipxt1-u021c ReEncodeFont" <ipxt1-u021c.enc <ipxm-r-u021c.pfb
ipxm-ro-u021d IMFCTT1-u021d ".25 SlantFont ipxt1-u021d ReEncodeFont" <ipxt1-u021d.enc <ipxm-r-u021d.pfb
ipxm-ro-u021e IMFCTT1-u021e ".25 SlantFont ipxt1-u021e ReEncodeFont" <ipxt1-u021e.enc <ipxm-r-u021e.pfb
ipxm-ro-u021f IMFCTT1-u021f ".25 SlantFont ipxt1-u021f ReEncodeFont" <ipxt1-u021f.enc <ipxm-r-u021f.pfb
ipxm-ro-u0221 IMFCTT1-u0221 ".25 SlantFont ipxt1-u0221 ReEncodeFont" <ipxt1-u0221.enc <ipxm-r-u0221.pfb
ipxm-ro-u0222 IMFCTT1-u0222 ".25 SlantFont ipxt1-u0222 ReEncodeFont" <ipxt1-u0222.enc <ipxm-r-u0222.pfb
ipxm-ro-u0223 IMFCTT1-u0223 ".25 SlantFont ipxt1-u0223 ReEncodeFont" <ipxt1-u0223.enc <ipxm-r-u0223.pfb
ipxm-ro-u0226 IMFCTT1-u0226 ".25 SlantFont ipxt1-u0226 ReEncodeFont" <ipxt1-u0226.enc <ipxm-r-u0226.pfb
ipxm-ro-u0228 IMFCTT1-u0228 ".25 SlantFont ipxt1-u0228 ReEncodeFont" <ipxt1-u0228.enc <ipxm-r-u0228.pfb
ipxm-ro-u0229 IMFCTT1-u0229 ".25 SlantFont ipxt1-u0229 ReEncodeFont" <ipxt1-u0229.enc <ipxm-r-u0229.pfb
ipxm-ro-u022a IMFCTT1-u022a ".25 SlantFont ipxt1-u022a ReEncodeFont" <ipxt1-u022a.enc <ipxm-r-u022a.pfb
ipxm-ro-u022b IMFCTT1-u022b ".25 SlantFont ipxt1-u022b ReEncodeFont" <ipxt1-u022b.enc <ipxm-r-u022b.pfb
ipxm-ro-u022c IMFCTT1-u022c ".25 SlantFont ipxt1-u022c ReEncodeFont" <ipxt1-u022c.enc <ipxm-r-u022c.pfb
ipxm-ro-u022d IMFCTT1-u022d ".25 SlantFont ipxt1-u022d ReEncodeFont" <ipxt1-u022d.enc <ipxm-r-u022d.pfb
ipxm-ro-u0231 IMFCTT1-u0231 ".25 SlantFont ipxt1-u0231 ReEncodeFont" <ipxt1-u0231.enc <ipxm-r-u0231.pfb
ipxm-ro-u0233 IMFCTT1-u0233 ".25 SlantFont ipxt1-u0233 ReEncodeFont" <ipxt1-u0233.enc <ipxm-r-u0233.pfb
ipxm-ro-u0234 IMFCTT1-u0234 ".25 SlantFont ipxt1-u0234 ReEncodeFont" <ipxt1-u0234.enc <ipxm-r-u0234.pfb
ipxm-ro-u0235 IMFCTT1-u0235 ".25 SlantFont ipxt1-u0235 ReEncodeFont" <ipxt1-u0235.enc <ipxm-r-u0235.pfb
ipxm-ro-u0236 IMFCTT1-u0236 ".25 SlantFont ipxt1-u0236 ReEncodeFont" <ipxt1-u0236.enc <ipxm-r-u0236.pfb
ipxm-ro-u0237 IMFCTT1-u0237 ".25 SlantFont ipxt1-u0237 ReEncodeFont" <ipxt1-u0237.enc <ipxm-r-u0237.pfb
ipxm-ro-u0238 IMFCTT1-u0238 ".25 SlantFont ipxt1-u0238 ReEncodeFont" <ipxt1-u0238.enc <ipxm-r-u0238.pfb
ipxm-ro-u023a IMFCTT1-u023a ".25 SlantFont ipxt1-u023a ReEncodeFont" <ipxt1-u023a.enc <ipxm-r-u023a.pfb
ipxm-ro-u023c IMFCTT1-u023c ".25 SlantFont ipxt1-u023c ReEncodeFont" <ipxt1-u023c.enc <ipxm-r-u023c.pfb
ipxm-ro-u023d IMFCTT1-u023d ".25 SlantFont ipxt1-u023d ReEncodeFont" <ipxt1-u023d.enc <ipxm-r-u023d.pfb
ipxm-ro-u023f IMFCTT1-u023f ".25 SlantFont ipxt1-u023f ReEncodeFont" <ipxt1-u023f.enc <ipxm-r-u023f.pfb
ipxm-ro-u0240 IMFCTT1-u0240 ".25 SlantFont ipxt1-u0240 ReEncodeFont" <ipxt1-u0240.enc <ipxm-r-u0240.pfb
ipxm-ro-u0241 IMFCTT1-u0241 ".25 SlantFont ipxt1-u0241 ReEncodeFont" <ipxt1-u0241.enc <ipxm-r-u0241.pfb
ipxm-ro-u0243 IMFCTT1-u0243 ".25 SlantFont ipxt1-u0243 ReEncodeFont" <ipxt1-u0243.enc <ipxm-r-u0243.pfb
ipxm-ro-u0246 IMFCTT1-u0246 ".25 SlantFont ipxt1-u0246 ReEncodeFont" <ipxt1-u0246.enc <ipxm-r-u0246.pfb
ipxm-ro-u0247 IMFCTT1-u0247 ".25 SlantFont ipxt1-u0247 ReEncodeFont" <ipxt1-u0247.enc <ipxm-r-u0247.pfb
ipxm-ro-u0248 IMFCTT1-u0248 ".25 SlantFont ipxt1-u0248 ReEncodeFont" <ipxt1-u0248.enc <ipxm-r-u0248.pfb
ipxm-ro-u024a IMFCTT1-u024a ".25 SlantFont ipxt1-u024a ReEncodeFont" <ipxt1-u024a.enc <ipxm-r-u024a.pfb
ipxm-ro-u024b IMFCTT1-u024b ".25 SlantFont ipxt1-u024b ReEncodeFont" <ipxt1-u024b.enc <ipxm-r-u024b.pfb
ipxm-ro-u024c IMFCTT1-u024c ".25 SlantFont ipxt1-u024c ReEncodeFont" <ipxt1-u024c.enc <ipxm-r-u024c.pfb
ipxm-ro-u024d IMFCTT1-u024d ".25 SlantFont ipxt1-u024d ReEncodeFont" <ipxt1-u024d.enc <ipxm-r-u024d.pfb
ipxm-ro-u024e IMFCTT1-u024e ".25 SlantFont ipxt1-u024e ReEncodeFont" <ipxt1-u024e.enc <ipxm-r-u024e.pfb
ipxm-ro-u0250 IMFCTT1-u0250 ".25 SlantFont ipxt1-u0250 ReEncodeFont" <ipxt1-u0250.enc <ipxm-r-u0250.pfb
ipxm-ro-u0251 IMFCTT1-u0251 ".25 SlantFont ipxt1-u0251 ReEncodeFont" <ipxt1-u0251.enc <ipxm-r-u0251.pfb
ipxm-ro-u0252 IMFCTT1-u0252 ".25 SlantFont ipxt1-u0252 ReEncodeFont" <ipxt1-u0252.enc <ipxm-r-u0252.pfb
ipxm-ro-u0254 IMFCTT1-u0254 ".25 SlantFont ipxt1-u0254 ReEncodeFont" <ipxt1-u0254.enc <ipxm-r-u0254.pfb
ipxm-ro-u0255 IMFCTT1-u0255 ".25 SlantFont ipxt1-u0255 ReEncodeFont" <ipxt1-u0255.enc <ipxm-r-u0255.pfb
ipxm-ro-u0257 IMFCTT1-u0257 ".25 SlantFont ipxt1-u0257 ReEncodeFont" <ipxt1-u0257.enc <ipxm-r-u0257.pfb
ipxm-ro-u0259 IMFCTT1-u0259 ".25 SlantFont ipxt1-u0259 ReEncodeFont" <ipxt1-u0259.enc <ipxm-r-u0259.pfb
ipxm-ro-u025a IMFCTT1-u025a ".25 SlantFont ipxt1-u025a ReEncodeFont" <ipxt1-u025a.enc <ipxm-r-u025a.pfb
ipxm-ro-u025b IMFCTT1-u025b ".25 SlantFont ipxt1-u025b ReEncodeFont" <ipxt1-u025b.enc <ipxm-r-u025b.pfb
ipxm-ro-u025c IMFCTT1-u025c ".25 SlantFont ipxt1-u025c ReEncodeFont" <ipxt1-u025c.enc <ipxm-r-u025c.pfb
ipxm-ro-u025d IMFCTT1-u025d ".25 SlantFont ipxt1-u025d ReEncodeFont" <ipxt1-u025d.enc <ipxm-r-u025d.pfb
ipxm-ro-u025e IMFCTT1-u025e ".25 SlantFont ipxt1-u025e ReEncodeFont" <ipxt1-u025e.enc <ipxm-r-u025e.pfb
ipxm-ro-u025f IMFCTT1-u025f ".25 SlantFont ipxt1-u025f ReEncodeFont" <ipxt1-u025f.enc <ipxm-r-u025f.pfb
ipxm-ro-u0260 IMFCTT1-u0260 ".25 SlantFont ipxt1-u0260 ReEncodeFont" <ipxt1-u0260.enc <ipxm-r-u0260.pfb
ipxm-ro-u0262 IMFCTT1-u0262 ".25 SlantFont ipxt1-u0262 ReEncodeFont" <ipxt1-u0262.enc <ipxm-r-u0262.pfb
ipxm-ro-u0263 IMFCTT1-u0263 ".25 SlantFont ipxt1-u0263 ReEncodeFont" <ipxt1-u0263.enc <ipxm-r-u0263.pfb
ipxm-ro-u0264 IMFCTT1-u0264 ".25 SlantFont ipxt1-u0264 ReEncodeFont" <ipxt1-u0264.enc <ipxm-r-u0264.pfb
ipxm-ro-u0266 IMFCTT1-u0266 ".25 SlantFont ipxt1-u0266 ReEncodeFont" <ipxt1-u0266.enc <ipxm-r-u0266.pfb
ipxm-ro-u0267 IMFCTT1-u0267 ".25 SlantFont ipxt1-u0267 ReEncodeFont" <ipxt1-u0267.enc <ipxm-r-u0267.pfb
ipxm-ro-u0268 IMFCTT1-u0268 ".25 SlantFont ipxt1-u0268 ReEncodeFont" <ipxt1-u0268.enc <ipxm-r-u0268.pfb
ipxm-ro-u0269 IMFCTT1-u0269 ".25 SlantFont ipxt1-u0269 ReEncodeFont" <ipxt1-u0269.enc <ipxm-r-u0269.pfb
ipxm-ro-u026a IMFCTT1-u026a ".25 SlantFont ipxt1-u026a ReEncodeFont" <ipxt1-u026a.enc <ipxm-r-u026a.pfb
ipxm-ro-u026c IMFCTT1-u026c ".25 SlantFont ipxt1-u026c ReEncodeFont" <ipxt1-u026c.enc <ipxm-r-u026c.pfb
ipxm-ro-u026e IMFCTT1-u026e ".25 SlantFont ipxt1-u026e ReEncodeFont" <ipxt1-u026e.enc <ipxm-r-u026e.pfb
ipxm-ro-u026f IMFCTT1-u026f ".25 SlantFont ipxt1-u026f ReEncodeFont" <ipxt1-u026f.enc <ipxm-r-u026f.pfb
ipxm-ro-u0270 IMFCTT1-u0270 ".25 SlantFont ipxt1-u0270 ReEncodeFont" <ipxt1-u0270.enc <ipxm-r-u0270.pfb
ipxm-ro-u0271 IMFCTT1-u0271 ".25 SlantFont ipxt1-u0271 ReEncodeFont" <ipxt1-u0271.enc <ipxm-r-u0271.pfb
ipxm-ro-u0273 IMFCTT1-u0273 ".25 SlantFont ipxt1-u0273 ReEncodeFont" <ipxt1-u0273.enc <ipxm-r-u0273.pfb
ipxm-ro-u0274 IMFCTT1-u0274 ".25 SlantFont ipxt1-u0274 ReEncodeFont" <ipxt1-u0274.enc <ipxm-r-u0274.pfb
ipxm-ro-u0276 IMFCTT1-u0276 ".25 SlantFont ipxt1-u0276 ReEncodeFont" <ipxt1-u0276.enc <ipxm-r-u0276.pfb
ipxm-ro-u0277 IMFCTT1-u0277 ".25 SlantFont ipxt1-u0277 ReEncodeFont" <ipxt1-u0277.enc <ipxm-r-u0277.pfb
ipxm-ro-u0279 IMFCTT1-u0279 ".25 SlantFont ipxt1-u0279 ReEncodeFont" <ipxt1-u0279.enc <ipxm-r-u0279.pfb
ipxm-ro-u027a IMFCTT1-u027a ".25 SlantFont ipxt1-u027a ReEncodeFont" <ipxt1-u027a.enc <ipxm-r-u027a.pfb
ipxm-ro-u027b IMFCTT1-u027b ".25 SlantFont ipxt1-u027b ReEncodeFont" <ipxt1-u027b.enc <ipxm-r-u027b.pfb
ipxm-ro-u027c IMFCTT1-u027c ".25 SlantFont ipxt1-u027c ReEncodeFont" <ipxt1-u027c.enc <ipxm-r-u027c.pfb
ipxm-ro-u027d IMFCTT1-u027d ".25 SlantFont ipxt1-u027d ReEncodeFont" <ipxt1-u027d.enc <ipxm-r-u027d.pfb
ipxm-ro-u027e IMFCTT1-u027e ".25 SlantFont ipxt1-u027e ReEncodeFont" <ipxt1-u027e.enc <ipxm-r-u027e.pfb
ipxm-ro-u027f IMFCTT1-u027f ".25 SlantFont ipxt1-u027f ReEncodeFont" <ipxt1-u027f.enc <ipxm-r-u027f.pfb
ipxm-ro-u0280 IMFCTT1-u0280 ".25 SlantFont ipxt1-u0280 ReEncodeFont" <ipxt1-u0280.enc <ipxm-r-u0280.pfb
ipxm-ro-u0282 IMFCTT1-u0282 ".25 SlantFont ipxt1-u0282 ReEncodeFont" <ipxt1-u0282.enc <ipxm-r-u0282.pfb
ipxm-ro-u0283 IMFCTT1-u0283 ".25 SlantFont ipxt1-u0283 ReEncodeFont" <ipxt1-u0283.enc <ipxm-r-u0283.pfb
ipxm-ro-u0284 IMFCTT1-u0284 ".25 SlantFont ipxt1-u0284 ReEncodeFont" <ipxt1-u0284.enc <ipxm-r-u0284.pfb
ipxm-ro-u0285 IMFCTT1-u0285 ".25 SlantFont ipxt1-u0285 ReEncodeFont" <ipxt1-u0285.enc <ipxm-r-u0285.pfb
ipxm-ro-u0286 IMFCTT1-u0286 ".25 SlantFont ipxt1-u0286 ReEncodeFont" <ipxt1-u0286.enc <ipxm-r-u0286.pfb
ipxm-ro-u0289 IMFCTT1-u0289 ".25 SlantFont ipxt1-u0289 ReEncodeFont" <ipxt1-u0289.enc <ipxm-r-u0289.pfb
ipxm-ro-u028a IMFCTT1-u028a ".25 SlantFont ipxt1-u028a ReEncodeFont" <ipxt1-u028a.enc <ipxm-r-u028a.pfb
ipxm-ro-u028b IMFCTT1-u028b ".25 SlantFont ipxt1-u028b ReEncodeFont" <ipxt1-u028b.enc <ipxm-r-u028b.pfb
ipxm-ro-u028d IMFCTT1-u028d ".25 SlantFont ipxt1-u028d ReEncodeFont" <ipxt1-u028d.enc <ipxm-r-u028d.pfb
ipxm-ro-u028e IMFCTT1-u028e ".25 SlantFont ipxt1-u028e ReEncodeFont" <ipxt1-u028e.enc <ipxm-r-u028e.pfb
ipxm-ro-u028f IMFCTT1-u028f ".25 SlantFont ipxt1-u028f ReEncodeFont" <ipxt1-u028f.enc <ipxm-r-u028f.pfb
ipxm-ro-u0292 IMFCTT1-u0292 ".25 SlantFont ipxt1-u0292 ReEncodeFont" <ipxt1-u0292.enc <ipxm-r-u0292.pfb
ipxm-ro-u0294 IMFCTT1-u0294 ".25 SlantFont ipxt1-u0294 ReEncodeFont" <ipxt1-u0294.enc <ipxm-r-u0294.pfb
ipxm-ro-u0295 IMFCTT1-u0295 ".25 SlantFont ipxt1-u0295 ReEncodeFont" <ipxt1-u0295.enc <ipxm-r-u0295.pfb
ipxm-ro-u0296 IMFCTT1-u0296 ".25 SlantFont ipxt1-u0296 ReEncodeFont" <ipxt1-u0296.enc <ipxm-r-u0296.pfb
ipxm-ro-u0297 IMFCTT1-u0297 ".25 SlantFont ipxt1-u0297 ReEncodeFont" <ipxt1-u0297.enc <ipxm-r-u0297.pfb
ipxm-ro-u0298 IMFCTT1-u0298 ".25 SlantFont ipxt1-u0298 ReEncodeFont" <ipxt1-u0298.enc <ipxm-r-u0298.pfb
ipxm-ro-u029a IMFCTT1-u029a ".25 SlantFont ipxt1-u029a ReEncodeFont" <ipxt1-u029a.enc <ipxm-r-u029a.pfb
ipxm-ro-u029d IMFCTT1-u029d ".25 SlantFont ipxt1-u029d ReEncodeFont" <ipxt1-u029d.enc <ipxm-r-u029d.pfb
ipxm-ro-u029e IMFCTT1-u029e ".25 SlantFont ipxt1-u029e ReEncodeFont" <ipxt1-u029e.enc <ipxm-r-u029e.pfb
ipxm-ro-u029f IMFCTT1-u029f ".25 SlantFont ipxt1-u029f ReEncodeFont" <ipxt1-u029f.enc <ipxm-r-u029f.pfb
ipxm-ro-u02a0 IMFCTT1-u02a0 ".25 SlantFont ipxt1-u02a0 ReEncodeFont" <ipxt1-u02a0.enc <ipxm-r-u02a0.pfb
ipxm-ro-u02a1 IMFCTT1-u02a1 ".25 SlantFont ipxt1-u02a1 ReEncodeFont" <ipxt1-u02a1.enc <ipxm-r-u02a1.pfb
ipxm-ro-u02a3 IMFCTT1-u02a3 ".25 SlantFont ipxt1-u02a3 ReEncodeFont" <ipxt1-u02a3.enc <ipxm-r-u02a3.pfb
ipxm-ro-u02a4 IMFCTT1-u02a4 ".25 SlantFont ipxt1-u02a4 ReEncodeFont" <ipxt1-u02a4.enc <ipxm-r-u02a4.pfb
ipxm-ro-u02a5 IMFCTT1-u02a5 ".25 SlantFont ipxt1-u02a5 ReEncodeFont" <ipxt1-u02a5.enc <ipxm-r-u02a5.pfb
ipxm-ro-u02a6 IMFCTT1-u02a6 ".25 SlantFont ipxt1-u02a6 ReEncodeFont" <ipxt1-u02a6.enc <ipxm-r-u02a6.pfb
ipxm-ro-u02f8 IMFCTT1-u02f8 ".25 SlantFont ipxt1-u02f8 ReEncodeFont" <ipxt1-u02f8.enc <ipxm-r-u02f8.pfb
ipxg-r-ot1 IGFCTT1-ot1 "ipxt1-ot1 ReEncodeFont" <ipxt1-ot1.enc <ipxg-r-ot1.pfb
ipxg-r-t1 IGFCTT1-t1 "ipxt1-t1 ReEncodeFont" <ipxt1-t1.enc <ipxg-r-t1.pfb
ipxg-r-ts1 IGFCTT1-ts1 "ipxt1-ts1 ReEncodeFont" <ipxt1-ts1.enc <ipxg-r-ts1.pfb
ipxg-r-ly1 IGFCTT1-ly1 "ipxt1-ly1 ReEncodeFont" <ipxt1-ly1.enc <ipxg-r-ly1.pfb
ipxg-r-u00 IGFCTT1-u00 "ipxt1-u00 ReEncodeFont" <ipxt1-u00.enc <ipxg-r-u00.pfb
ipxg-r-u01 IGFCTT1-u01 "ipxt1-u01 ReEncodeFont" <ipxt1-u01.enc <ipxg-r-u01.pfb
ipxg-r-u02 IGFCTT1-u02 "ipxt1-u02 ReEncodeFont" <ipxt1-u02.enc <ipxg-r-u02.pfb
ipxg-r-u03 IGFCTT1-u03 "ipxt1-u03 ReEncodeFont" <ipxt1-u03.enc <ipxg-r-u03.pfb
ipxg-r-u04 IGFCTT1-u04 "ipxt1-u04 ReEncodeFont" <ipxt1-u04.enc <ipxg-r-u04.pfb
ipxg-r-u1e IGFCTT1-u1e "ipxt1-u1e ReEncodeFont" <ipxt1-u1e.enc <ipxg-r-u1e.pfb
ipxg-r-u1f IGFCTT1-u1f "ipxt1-u1f ReEncodeFont" <ipxt1-u1f.enc <ipxg-r-u1f.pfb
ipxg-r-u20 IGFCTT1-u20 "ipxt1-u20 ReEncodeFont" <ipxt1-u20.enc <ipxg-r-u20.pfb
ipxg-r-u21 IGFCTT1-u21 "ipxt1-u21 ReEncodeFont" <ipxt1-u21.enc <ipxg-r-u21.pfb
ipxg-r-u22 IGFCTT1-u22 "ipxt1-u22 ReEncodeFont" <ipxt1-u22.enc <ipxg-r-u22.pfb
ipxg-r-u23 IGFCTT1-u23 "ipxt1-u23 ReEncodeFont" <ipxt1-u23.enc <ipxg-r-u23.pfb
ipxg-r-u24 IGFCTT1-u24 "ipxt1-u24 ReEncodeFont" <ipxt1-u24.enc <ipxg-r-u24.pfb
ipxg-r-u25 IGFCTT1-u25 "ipxt1-u25 ReEncodeFont" <ipxt1-u25.enc <ipxg-r-u25.pfb
ipxg-r-u26 IGFCTT1-u26 "ipxt1-u26 ReEncodeFont" <ipxt1-u26.enc <ipxg-r-u26.pfb
ipxg-r-u27 IGFCTT1-u27 "ipxt1-u27 ReEncodeFont" <ipxt1-u27.enc <ipxg-r-u27.pfb
ipxg-r-u29 IGFCTT1-u29 "ipxt1-u29 ReEncodeFont" <ipxt1-u29.enc <ipxg-r-u29.pfb
ipxg-r-u2e IGFCTT1-u2e "ipxt1-u2e ReEncodeFont" <ipxt1-u2e.enc <ipxg-r-u2e.pfb
ipxg-r-u2f IGFCTT1-u2f "ipxt1-u2f ReEncodeFont" <ipxt1-u2f.enc <ipxg-r-u2f.pfb
ipxg-r-u30 IGFCTT1-u30 "ipxt1-u30 ReEncodeFont" <ipxt1-u30.enc <ipxg-r-u30.pfb
ipxg-r-u31 IGFCTT1-u31 "ipxt1-u31 ReEncodeFont" <ipxt1-u31.enc <ipxg-r-u31.pfb
ipxg-r-u32 IGFCTT1-u32 "ipxt1-u32 ReEncodeFont" <ipxt1-u32.enc <ipxg-r-u32.pfb
ipxg-r-u33 IGFCTT1-u33 "ipxt1-u33 ReEncodeFont" <ipxt1-u33.enc <ipxg-r-u33.pfb
ipxg-r-u34 IGFCTT1-u34 "ipxt1-u34 ReEncodeFont" <ipxt1-u34.enc <ipxg-r-u34.pfb
ipxg-r-u35 IGFCTT1-u35 "ipxt1-u35 ReEncodeFont" <ipxt1-u35.enc <ipxg-r-u35.pfb
ipxg-r-u36 IGFCTT1-u36 "ipxt1-u36 ReEncodeFont" <ipxt1-u36.enc <ipxg-r-u36.pfb
ipxg-r-u37 IGFCTT1-u37 "ipxt1-u37 ReEncodeFont" <ipxt1-u37.enc <ipxg-r-u37.pfb
ipxg-r-u38 IGFCTT1-u38 "ipxt1-u38 ReEncodeFont" <ipxt1-u38.enc <ipxg-r-u38.pfb
ipxg-r-u39 IGFCTT1-u39 "ipxt1-u39 ReEncodeFont" <ipxt1-u39.enc <ipxg-r-u39.pfb
ipxg-r-u3a IGFCTT1-u3a "ipxt1-u3a ReEncodeFont" <ipxt1-u3a.enc <ipxg-r-u3a.pfb
ipxg-r-u3b IGFCTT1-u3b "ipxt1-u3b ReEncodeFont" <ipxt1-u3b.enc <ipxg-r-u3b.pfb
ipxg-r-u3c IGFCTT1-u3c "ipxt1-u3c ReEncodeFont" <ipxt1-u3c.enc <ipxg-r-u3c.pfb
ipxg-r-u3d IGFCTT1-u3d "ipxt1-u3d ReEncodeFont" <ipxt1-u3d.enc <ipxg-r-u3d.pfb
ipxg-r-u3e IGFCTT1-u3e "ipxt1-u3e ReEncodeFont" <ipxt1-u3e.enc <ipxg-r-u3e.pfb
ipxg-r-u3f IGFCTT1-u3f "ipxt1-u3f ReEncodeFont" <ipxt1-u3f.enc <ipxg-r-u3f.pfb
ipxg-r-u40 IGFCTT1-u40 "ipxt1-u40 ReEncodeFont" <ipxt1-u40.enc <ipxg-r-u40.pfb
ipxg-r-u41 IGFCTT1-u41 "ipxt1-u41 ReEncodeFont" <ipxt1-u41.enc <ipxg-r-u41.pfb
ipxg-r-u42 IGFCTT1-u42 "ipxt1-u42 ReEncodeFont" <ipxt1-u42.enc <ipxg-r-u42.pfb
ipxg-r-u43 IGFCTT1-u43 "ipxt1-u43 ReEncodeFont" <ipxt1-u43.enc <ipxg-r-u43.pfb
ipxg-r-u44 IGFCTT1-u44 "ipxt1-u44 ReEncodeFont" <ipxt1-u44.enc <ipxg-r-u44.pfb
ipxg-r-u45 IGFCTT1-u45 "ipxt1-u45 ReEncodeFont" <ipxt1-u45.enc <ipxg-r-u45.pfb
ipxg-r-u46 IGFCTT1-u46 "ipxt1-u46 ReEncodeFont" <ipxt1-u46.enc <ipxg-r-u46.pfb
ipxg-r-u47 IGFCTT1-u47 "ipxt1-u47 ReEncodeFont" <ipxt1-u47.enc <ipxg-r-u47.pfb
ipxg-r-u48 IGFCTT1-u48 "ipxt1-u48 ReEncodeFont" <ipxt1-u48.enc <ipxg-r-u48.pfb
ipxg-r-u49 IGFCTT1-u49 "ipxt1-u49 ReEncodeFont" <ipxt1-u49.enc <ipxg-r-u49.pfb
ipxg-r-u4a IGFCTT1-u4a "ipxt1-u4a ReEncodeFont" <ipxt1-u4a.enc <ipxg-r-u4a.pfb
ipxg-r-u4b IGFCTT1-u4b "ipxt1-u4b ReEncodeFont" <ipxt1-u4b.enc <ipxg-r-u4b.pfb
ipxg-r-u4c IGFCTT1-u4c "ipxt1-u4c ReEncodeFont" <ipxt1-u4c.enc <ipxg-r-u4c.pfb
ipxg-r-u4d IGFCTT1-u4d "ipxt1-u4d ReEncodeFont" <ipxt1-u4d.enc <ipxg-r-u4d.pfb
ipxg-r-u4e IGFCTT1-u4e "ipxt1-u4e ReEncodeFont" <ipxt1-u4e.enc <ipxg-r-u4e.pfb
ipxg-r-u4f IGFCTT1-u4f "ipxt1-u4f ReEncodeFont" <ipxt1-u4f.enc <ipxg-r-u4f.pfb
ipxg-r-u50 IGFCTT1-u50 "ipxt1-u50 ReEncodeFont" <ipxt1-u50.enc <ipxg-r-u50.pfb
ipxg-r-u51 IGFCTT1-u51 "ipxt1-u51 ReEncodeFont" <ipxt1-u51.enc <ipxg-r-u51.pfb
ipxg-r-u52 IGFCTT1-u52 "ipxt1-u52 ReEncodeFont" <ipxt1-u52.enc <ipxg-r-u52.pfb
ipxg-r-u53 IGFCTT1-u53 "ipxt1-u53 ReEncodeFont" <ipxt1-u53.enc <ipxg-r-u53.pfb
ipxg-r-u54 IGFCTT1-u54 "ipxt1-u54 ReEncodeFont" <ipxt1-u54.enc <ipxg-r-u54.pfb
ipxg-r-u55 IGFCTT1-u55 "ipxt1-u55 ReEncodeFont" <ipxt1-u55.enc <ipxg-r-u55.pfb
ipxg-r-u56 IGFCTT1-u56 "ipxt1-u56 ReEncodeFont" <ipxt1-u56.enc <ipxg-r-u56.pfb
ipxg-r-u57 IGFCTT1-u57 "ipxt1-u57 ReEncodeFont" <ipxt1-u57.enc <ipxg-r-u57.pfb
ipxg-r-u58 IGFCTT1-u58 "ipxt1-u58 ReEncodeFont" <ipxt1-u58.enc <ipxg-r-u58.pfb
ipxg-r-u59 IGFCTT1-u59 "ipxt1-u59 ReEncodeFont" <ipxt1-u59.enc <ipxg-r-u59.pfb
ipxg-r-u5a IGFCTT1-u5a "ipxt1-u5a ReEncodeFont" <ipxt1-u5a.enc <ipxg-r-u5a.pfb
ipxg-r-u5b IGFCTT1-u5b "ipxt1-u5b ReEncodeFont" <ipxt1-u5b.enc <ipxg-r-u5b.pfb
ipxg-r-u5c IGFCTT1-u5c "ipxt1-u5c ReEncodeFont" <ipxt1-u5c.enc <ipxg-r-u5c.pfb
ipxg-r-u5d IGFCTT1-u5d "ipxt1-u5d ReEncodeFont" <ipxt1-u5d.enc <ipxg-r-u5d.pfb
ipxg-r-u5e IGFCTT1-u5e "ipxt1-u5e ReEncodeFont" <ipxt1-u5e.enc <ipxg-r-u5e.pfb
ipxg-r-u5f IGFCTT1-u5f "ipxt1-u5f ReEncodeFont" <ipxt1-u5f.enc <ipxg-r-u5f.pfb
ipxg-r-u60 IGFCTT1-u60 "ipxt1-u60 ReEncodeFont" <ipxt1-u60.enc <ipxg-r-u60.pfb
ipxg-r-u61 IGFCTT1-u61 "ipxt1-u61 ReEncodeFont" <ipxt1-u61.enc <ipxg-r-u61.pfb
ipxg-r-u62 IGFCTT1-u62 "ipxt1-u62 ReEncodeFont" <ipxt1-u62.enc <ipxg-r-u62.pfb
ipxg-r-u63 IGFCTT1-u63 "ipxt1-u63 ReEncodeFont" <ipxt1-u63.enc <ipxg-r-u63.pfb
ipxg-r-u64 IGFCTT1-u64 "ipxt1-u64 ReEncodeFont" <ipxt1-u64.enc <ipxg-r-u64.pfb
ipxg-r-u65 IGFCTT1-u65 "ipxt1-u65 ReEncodeFont" <ipxt1-u65.enc <ipxg-r-u65.pfb
ipxg-r-u66 IGFCTT1-u66 "ipxt1-u66 ReEncodeFont" <ipxt1-u66.enc <ipxg-r-u66.pfb
ipxg-r-u67 IGFCTT1-u67 "ipxt1-u67 ReEncodeFont" <ipxt1-u67.enc <ipxg-r-u67.pfb
ipxg-r-u68 IGFCTT1-u68 "ipxt1-u68 ReEncodeFont" <ipxt1-u68.enc <ipxg-r-u68.pfb
ipxg-r-u69 IGFCTT1-u69 "ipxt1-u69 ReEncodeFont" <ipxt1-u69.enc <ipxg-r-u69.pfb
ipxg-r-u6a IGFCTT1-u6a "ipxt1-u6a ReEncodeFont" <ipxt1-u6a.enc <ipxg-r-u6a.pfb
ipxg-r-u6b IGFCTT1-u6b "ipxt1-u6b ReEncodeFont" <ipxt1-u6b.enc <ipxg-r-u6b.pfb
ipxg-r-u6c IGFCTT1-u6c "ipxt1-u6c ReEncodeFont" <ipxt1-u6c.enc <ipxg-r-u6c.pfb
ipxg-r-u6d IGFCTT1-u6d "ipxt1-u6d ReEncodeFont" <ipxt1-u6d.enc <ipxg-r-u6d.pfb
ipxg-r-u6e IGFCTT1-u6e "ipxt1-u6e ReEncodeFont" <ipxt1-u6e.enc <ipxg-r-u6e.pfb
ipxg-r-u6f IGFCTT1-u6f "ipxt1-u6f ReEncodeFont" <ipxt1-u6f.enc <ipxg-r-u6f.pfb
ipxg-r-u70 IGFCTT1-u70 "ipxt1-u70 ReEncodeFont" <ipxt1-u70.enc <ipxg-r-u70.pfb
ipxg-r-u71 IGFCTT1-u71 "ipxt1-u71 ReEncodeFont" <ipxt1-u71.enc <ipxg-r-u71.pfb
ipxg-r-u72 IGFCTT1-u72 "ipxt1-u72 ReEncodeFont" <ipxt1-u72.enc <ipxg-r-u72.pfb
ipxg-r-u73 IGFCTT1-u73 "ipxt1-u73 ReEncodeFont" <ipxt1-u73.enc <ipxg-r-u73.pfb
ipxg-r-u74 IGFCTT1-u74 "ipxt1-u74 ReEncodeFont" <ipxt1-u74.enc <ipxg-r-u74.pfb
ipxg-r-u75 IGFCTT1-u75 "ipxt1-u75 ReEncodeFont" <ipxt1-u75.enc <ipxg-r-u75.pfb
ipxg-r-u76 IGFCTT1-u76 "ipxt1-u76 ReEncodeFont" <ipxt1-u76.enc <ipxg-r-u76.pfb
ipxg-r-u77 IGFCTT1-u77 "ipxt1-u77 ReEncodeFont" <ipxt1-u77.enc <ipxg-r-u77.pfb
ipxg-r-u78 IGFCTT1-u78 "ipxt1-u78 ReEncodeFont" <ipxt1-u78.enc <ipxg-r-u78.pfb
ipxg-r-u79 IGFCTT1-u79 "ipxt1-u79 ReEncodeFont" <ipxt1-u79.enc <ipxg-r-u79.pfb
ipxg-r-u7a IGFCTT1-u7a "ipxt1-u7a ReEncodeFont" <ipxt1-u7a.enc <ipxg-r-u7a.pfb
ipxg-r-u7b IGFCTT1-u7b "ipxt1-u7b ReEncodeFont" <ipxt1-u7b.enc <ipxg-r-u7b.pfb
ipxg-r-u7c IGFCTT1-u7c "ipxt1-u7c ReEncodeFont" <ipxt1-u7c.enc <ipxg-r-u7c.pfb
ipxg-r-u7d IGFCTT1-u7d "ipxt1-u7d ReEncodeFont" <ipxt1-u7d.enc <ipxg-r-u7d.pfb
ipxg-r-u7e IGFCTT1-u7e "ipxt1-u7e ReEncodeFont" <ipxt1-u7e.enc <ipxg-r-u7e.pfb
ipxg-r-u7f IGFCTT1-u7f "ipxt1-u7f ReEncodeFont" <ipxt1-u7f.enc <ipxg-r-u7f.pfb
ipxg-r-u80 IGFCTT1-u80 "ipxt1-u80 ReEncodeFont" <ipxt1-u80.enc <ipxg-r-u80.pfb
ipxg-r-u81 IGFCTT1-u81 "ipxt1-u81 ReEncodeFont" <ipxt1-u81.enc <ipxg-r-u81.pfb
ipxg-r-u82 IGFCTT1-u82 "ipxt1-u82 ReEncodeFont" <ipxt1-u82.enc <ipxg-r-u82.pfb
ipxg-r-u83 IGFCTT1-u83 "ipxt1-u83 ReEncodeFont" <ipxt1-u83.enc <ipxg-r-u83.pfb
ipxg-r-u84 IGFCTT1-u84 "ipxt1-u84 ReEncodeFont" <ipxt1-u84.enc <ipxg-r-u84.pfb
ipxg-r-u85 IGFCTT1-u85 "ipxt1-u85 ReEncodeFont" <ipxt1-u85.enc <ipxg-r-u85.pfb
ipxg-r-u86 IGFCTT1-u86 "ipxt1-u86 ReEncodeFont" <ipxt1-u86.enc <ipxg-r-u86.pfb
ipxg-r-u87 IGFCTT1-u87 "ipxt1-u87 ReEncodeFont" <ipxt1-u87.enc <ipxg-r-u87.pfb
ipxg-r-u88 IGFCTT1-u88 "ipxt1-u88 ReEncodeFont" <ipxt1-u88.enc <ipxg-r-u88.pfb
ipxg-r-u89 IGFCTT1-u89 "ipxt1-u89 ReEncodeFont" <ipxt1-u89.enc <ipxg-r-u89.pfb
ipxg-r-u8a IGFCTT1-u8a "ipxt1-u8a ReEncodeFont" <ipxt1-u8a.enc <ipxg-r-u8a.pfb
ipxg-r-u8b IGFCTT1-u8b "ipxt1-u8b ReEncodeFont" <ipxt1-u8b.enc <ipxg-r-u8b.pfb
ipxg-r-u8c IGFCTT1-u8c "ipxt1-u8c ReEncodeFont" <ipxt1-u8c.enc <ipxg-r-u8c.pfb
ipxg-r-u8d IGFCTT1-u8d "ipxt1-u8d ReEncodeFont" <ipxt1-u8d.enc <ipxg-r-u8d.pfb
ipxg-r-u8e IGFCTT1-u8e "ipxt1-u8e ReEncodeFont" <ipxt1-u8e.enc <ipxg-r-u8e.pfb
ipxg-r-u8f IGFCTT1-u8f "ipxt1-u8f ReEncodeFont" <ipxt1-u8f.enc <ipxg-r-u8f.pfb
ipxg-r-u90 IGFCTT1-u90 "ipxt1-u90 ReEncodeFont" <ipxt1-u90.enc <ipxg-r-u90.pfb
ipxg-r-u91 IGFCTT1-u91 "ipxt1-u91 ReEncodeFont" <ipxt1-u91.enc <ipxg-r-u91.pfb
ipxg-r-u92 IGFCTT1-u92 "ipxt1-u92 ReEncodeFont" <ipxt1-u92.enc <ipxg-r-u92.pfb
ipxg-r-u93 IGFCTT1-u93 "ipxt1-u93 ReEncodeFont" <ipxt1-u93.enc <ipxg-r-u93.pfb
ipxg-r-u94 IGFCTT1-u94 "ipxt1-u94 ReEncodeFont" <ipxt1-u94.enc <ipxg-r-u94.pfb
ipxg-r-u95 IGFCTT1-u95 "ipxt1-u95 ReEncodeFont" <ipxt1-u95.enc <ipxg-r-u95.pfb
ipxg-r-u96 IGFCTT1-u96 "ipxt1-u96 ReEncodeFont" <ipxt1-u96.enc <ipxg-r-u96.pfb
ipxg-r-u97 IGFCTT1-u97 "ipxt1-u97 ReEncodeFont" <ipxt1-u97.enc <ipxg-r-u97.pfb
ipxg-r-u98 IGFCTT1-u98 "ipxt1-u98 ReEncodeFont" <ipxt1-u98.enc <ipxg-r-u98.pfb
ipxg-r-u99 IGFCTT1-u99 "ipxt1-u99 ReEncodeFont" <ipxt1-u99.enc <ipxg-r-u99.pfb
ipxg-r-u9a IGFCTT1-u9a "ipxt1-u9a ReEncodeFont" <ipxt1-u9a.enc <ipxg-r-u9a.pfb
ipxg-r-u9b IGFCTT1-u9b "ipxt1-u9b ReEncodeFont" <ipxt1-u9b.enc <ipxg-r-u9b.pfb
ipxg-r-u9c IGFCTT1-u9c "ipxt1-u9c ReEncodeFont" <ipxt1-u9c.enc <ipxg-r-u9c.pfb
ipxg-r-u9d IGFCTT1-u9d "ipxt1-u9d ReEncodeFont" <ipxt1-u9d.enc <ipxg-r-u9d.pfb
ipxg-r-u9e IGFCTT1-u9e "ipxt1-u9e ReEncodeFont" <ipxt1-u9e.enc <ipxg-r-u9e.pfb
ipxg-r-u9f IGFCTT1-u9f "ipxt1-u9f ReEncodeFont" <ipxt1-u9f.enc <ipxg-r-u9f.pfb
ipxg-r-uf8 IGFCTT1-uf8 "ipxt1-uf8 ReEncodeFont" <ipxt1-uf8.enc <ipxg-r-uf8.pfb
ipxg-r-uf9 IGFCTT1-uf9 "ipxt1-uf9 ReEncodeFont" <ipxt1-uf9.enc <ipxg-r-uf9.pfb
ipxg-r-ufa IGFCTT1-ufa "ipxt1-ufa ReEncodeFont" <ipxt1-ufa.enc <ipxg-r-ufa.pfb
ipxg-r-ufe IGFCTT1-ufe "ipxt1-ufe ReEncodeFont" <ipxt1-ufe.enc <ipxg-r-ufe.pfb
ipxg-r-uff IGFCTT1-uff "ipxt1-uff ReEncodeFont" <ipxt1-uff.enc <ipxg-r-uff.pfb
ipxg-r-u0200 IGFCTT1-u0200 "ipxt1-u0200 ReEncodeFont" <ipxt1-u0200.enc <ipxg-r-u0200.pfb
ipxg-r-u0201 IGFCTT1-u0201 "ipxt1-u0201 ReEncodeFont" <ipxt1-u0201.enc <ipxg-r-u0201.pfb
ipxg-r-u0202 IGFCTT1-u0202 "ipxt1-u0202 ReEncodeFont" <ipxt1-u0202.enc <ipxg-r-u0202.pfb
ipxg-r-u0203 IGFCTT1-u0203 "ipxt1-u0203 ReEncodeFont" <ipxt1-u0203.enc <ipxg-r-u0203.pfb
ipxg-r-u0204 IGFCTT1-u0204 "ipxt1-u0204 ReEncodeFont" <ipxt1-u0204.enc <ipxg-r-u0204.pfb
ipxg-r-u0205 IGFCTT1-u0205 "ipxt1-u0205 ReEncodeFont" <ipxt1-u0205.enc <ipxg-r-u0205.pfb
ipxg-r-u0206 IGFCTT1-u0206 "ipxt1-u0206 ReEncodeFont" <ipxt1-u0206.enc <ipxg-r-u0206.pfb
ipxg-r-u0207 IGFCTT1-u0207 "ipxt1-u0207 ReEncodeFont" <ipxt1-u0207.enc <ipxg-r-u0207.pfb
ipxg-r-u0208 IGFCTT1-u0208 "ipxt1-u0208 ReEncodeFont" <ipxt1-u0208.enc <ipxg-r-u0208.pfb
ipxg-r-u0209 IGFCTT1-u0209 "ipxt1-u0209 ReEncodeFont" <ipxt1-u0209.enc <ipxg-r-u0209.pfb
ipxg-r-u020a IGFCTT1-u020a "ipxt1-u020a ReEncodeFont" <ipxt1-u020a.enc <ipxg-r-u020a.pfb
ipxg-r-u020b IGFCTT1-u020b "ipxt1-u020b ReEncodeFont" <ipxt1-u020b.enc <ipxg-r-u020b.pfb
ipxg-r-u020d IGFCTT1-u020d "ipxt1-u020d ReEncodeFont" <ipxt1-u020d.enc <ipxg-r-u020d.pfb
ipxg-r-u020e IGFCTT1-u020e "ipxt1-u020e ReEncodeFont" <ipxt1-u020e.enc <ipxg-r-u020e.pfb
ipxg-r-u020f IGFCTT1-u020f "ipxt1-u020f ReEncodeFont" <ipxt1-u020f.enc <ipxg-r-u020f.pfb
ipxg-r-u0212 IGFCTT1-u0212 "ipxt1-u0212 ReEncodeFont" <ipxt1-u0212.enc <ipxg-r-u0212.pfb
ipxg-r-u0213 IGFCTT1-u0213 "ipxt1-u0213 ReEncodeFont" <ipxt1-u0213.enc <ipxg-r-u0213.pfb
ipxg-r-u0214 IGFCTT1-u0214 "ipxt1-u0214 ReEncodeFont" <ipxt1-u0214.enc <ipxg-r-u0214.pfb
ipxg-r-u0215 IGFCTT1-u0215 "ipxt1-u0215 ReEncodeFont" <ipxt1-u0215.enc <ipxg-r-u0215.pfb
ipxg-r-u0216 IGFCTT1-u0216 "ipxt1-u0216 ReEncodeFont" <ipxt1-u0216.enc <ipxg-r-u0216.pfb
ipxg-r-u0217 IGFCTT1-u0217 "ipxt1-u0217 ReEncodeFont" <ipxt1-u0217.enc <ipxg-r-u0217.pfb
ipxg-r-u0218 IGFCTT1-u0218 "ipxt1-u0218 ReEncodeFont" <ipxt1-u0218.enc <ipxg-r-u0218.pfb
ipxg-r-u0219 IGFCTT1-u0219 "ipxt1-u0219 ReEncodeFont" <ipxt1-u0219.enc <ipxg-r-u0219.pfb
ipxg-r-u021c IGFCTT1-u021c "ipxt1-u021c ReEncodeFont" <ipxt1-u021c.enc <ipxg-r-u021c.pfb
ipxg-r-u021d IGFCTT1-u021d "ipxt1-u021d ReEncodeFont" <ipxt1-u021d.enc <ipxg-r-u021d.pfb
ipxg-r-u021e IGFCTT1-u021e "ipxt1-u021e ReEncodeFont" <ipxt1-u021e.enc <ipxg-r-u021e.pfb
ipxg-r-u021f IGFCTT1-u021f "ipxt1-u021f ReEncodeFont" <ipxt1-u021f.enc <ipxg-r-u021f.pfb
ipxg-r-u0221 IGFCTT1-u0221 "ipxt1-u0221 ReEncodeFont" <ipxt1-u0221.enc <ipxg-r-u0221.pfb
ipxg-r-u0222 IGFCTT1-u0222 "ipxt1-u0222 ReEncodeFont" <ipxt1-u0222.enc <ipxg-r-u0222.pfb
ipxg-r-u0223 IGFCTT1-u0223 "ipxt1-u0223 ReEncodeFont" <ipxt1-u0223.enc <ipxg-r-u0223.pfb
ipxg-r-u0226 IGFCTT1-u0226 "ipxt1-u0226 ReEncodeFont" <ipxt1-u0226.enc <ipxg-r-u0226.pfb
ipxg-r-u0228 IGFCTT1-u0228 "ipxt1-u0228 ReEncodeFont" <ipxt1-u0228.enc <ipxg-r-u0228.pfb
ipxg-r-u0229 IGFCTT1-u0229 "ipxt1-u0229 ReEncodeFont" <ipxt1-u0229.enc <ipxg-r-u0229.pfb
ipxg-r-u022a IGFCTT1-u022a "ipxt1-u022a ReEncodeFont" <ipxt1-u022a.enc <ipxg-r-u022a.pfb
ipxg-r-u022b IGFCTT1-u022b "ipxt1-u022b ReEncodeFont" <ipxt1-u022b.enc <ipxg-r-u022b.pfb
ipxg-r-u022c IGFCTT1-u022c "ipxt1-u022c ReEncodeFont" <ipxt1-u022c.enc <ipxg-r-u022c.pfb
ipxg-r-u022d IGFCTT1-u022d "ipxt1-u022d ReEncodeFont" <ipxt1-u022d.enc <ipxg-r-u022d.pfb
ipxg-r-u0231 IGFCTT1-u0231 "ipxt1-u0231 ReEncodeFont" <ipxt1-u0231.enc <ipxg-r-u0231.pfb
ipxg-r-u0233 IGFCTT1-u0233 "ipxt1-u0233 ReEncodeFont" <ipxt1-u0233.enc <ipxg-r-u0233.pfb
ipxg-r-u0234 IGFCTT1-u0234 "ipxt1-u0234 ReEncodeFont" <ipxt1-u0234.enc <ipxg-r-u0234.pfb
ipxg-r-u0235 IGFCTT1-u0235 "ipxt1-u0235 ReEncodeFont" <ipxt1-u0235.enc <ipxg-r-u0235.pfb
ipxg-r-u0236 IGFCTT1-u0236 "ipxt1-u0236 ReEncodeFont" <ipxt1-u0236.enc <ipxg-r-u0236.pfb
ipxg-r-u0237 IGFCTT1-u0237 "ipxt1-u0237 ReEncodeFont" <ipxt1-u0237.enc <ipxg-r-u0237.pfb
ipxg-r-u0238 IGFCTT1-u0238 "ipxt1-u0238 ReEncodeFont" <ipxt1-u0238.enc <ipxg-r-u0238.pfb
ipxg-r-u023a IGFCTT1-u023a "ipxt1-u023a ReEncodeFont" <ipxt1-u023a.enc <ipxg-r-u023a.pfb
ipxg-r-u023c IGFCTT1-u023c "ipxt1-u023c ReEncodeFont" <ipxt1-u023c.enc <ipxg-r-u023c.pfb
ipxg-r-u023d IGFCTT1-u023d "ipxt1-u023d ReEncodeFont" <ipxt1-u023d.enc <ipxg-r-u023d.pfb
ipxg-r-u023f IGFCTT1-u023f "ipxt1-u023f ReEncodeFont" <ipxt1-u023f.enc <ipxg-r-u023f.pfb
ipxg-r-u0240 IGFCTT1-u0240 "ipxt1-u0240 ReEncodeFont" <ipxt1-u0240.enc <ipxg-r-u0240.pfb
ipxg-r-u0241 IGFCTT1-u0241 "ipxt1-u0241 ReEncodeFont" <ipxt1-u0241.enc <ipxg-r-u0241.pfb
ipxg-r-u0243 IGFCTT1-u0243 "ipxt1-u0243 ReEncodeFont" <ipxt1-u0243.enc <ipxg-r-u0243.pfb
ipxg-r-u0246 IGFCTT1-u0246 "ipxt1-u0246 ReEncodeFont" <ipxt1-u0246.enc <ipxg-r-u0246.pfb
ipxg-r-u0247 IGFCTT1-u0247 "ipxt1-u0247 ReEncodeFont" <ipxt1-u0247.enc <ipxg-r-u0247.pfb
ipxg-r-u0248 IGFCTT1-u0248 "ipxt1-u0248 ReEncodeFont" <ipxt1-u0248.enc <ipxg-r-u0248.pfb
ipxg-r-u024a IGFCTT1-u024a "ipxt1-u024a ReEncodeFont" <ipxt1-u024a.enc <ipxg-r-u024a.pfb
ipxg-r-u024b IGFCTT1-u024b "ipxt1-u024b ReEncodeFont" <ipxt1-u024b.enc <ipxg-r-u024b.pfb
ipxg-r-u024c IGFCTT1-u024c "ipxt1-u024c ReEncodeFont" <ipxt1-u024c.enc <ipxg-r-u024c.pfb
ipxg-r-u024d IGFCTT1-u024d "ipxt1-u024d ReEncodeFont" <ipxt1-u024d.enc <ipxg-r-u024d.pfb
ipxg-r-u024e IGFCTT1-u024e "ipxt1-u024e ReEncodeFont" <ipxt1-u024e.enc <ipxg-r-u024e.pfb
ipxg-r-u0250 IGFCTT1-u0250 "ipxt1-u0250 ReEncodeFont" <ipxt1-u0250.enc <ipxg-r-u0250.pfb
ipxg-r-u0251 IGFCTT1-u0251 "ipxt1-u0251 ReEncodeFont" <ipxt1-u0251.enc <ipxg-r-u0251.pfb
ipxg-r-u0252 IGFCTT1-u0252 "ipxt1-u0252 ReEncodeFont" <ipxt1-u0252.enc <ipxg-r-u0252.pfb
ipxg-r-u0254 IGFCTT1-u0254 "ipxt1-u0254 ReEncodeFont" <ipxt1-u0254.enc <ipxg-r-u0254.pfb
ipxg-r-u0255 IGFCTT1-u0255 "ipxt1-u0255 ReEncodeFont" <ipxt1-u0255.enc <ipxg-r-u0255.pfb
ipxg-r-u0257 IGFCTT1-u0257 "ipxt1-u0257 ReEncodeFont" <ipxt1-u0257.enc <ipxg-r-u0257.pfb
ipxg-r-u0259 IGFCTT1-u0259 "ipxt1-u0259 ReEncodeFont" <ipxt1-u0259.enc <ipxg-r-u0259.pfb
ipxg-r-u025a IGFCTT1-u025a "ipxt1-u025a ReEncodeFont" <ipxt1-u025a.enc <ipxg-r-u025a.pfb
ipxg-r-u025b IGFCTT1-u025b "ipxt1-u025b ReEncodeFont" <ipxt1-u025b.enc <ipxg-r-u025b.pfb
ipxg-r-u025c IGFCTT1-u025c "ipxt1-u025c ReEncodeFont" <ipxt1-u025c.enc <ipxg-r-u025c.pfb
ipxg-r-u025d IGFCTT1-u025d "ipxt1-u025d ReEncodeFont" <ipxt1-u025d.enc <ipxg-r-u025d.pfb
ipxg-r-u025e IGFCTT1-u025e "ipxt1-u025e ReEncodeFont" <ipxt1-u025e.enc <ipxg-r-u025e.pfb
ipxg-r-u025f IGFCTT1-u025f "ipxt1-u025f ReEncodeFont" <ipxt1-u025f.enc <ipxg-r-u025f.pfb
ipxg-r-u0260 IGFCTT1-u0260 "ipxt1-u0260 ReEncodeFont" <ipxt1-u0260.enc <ipxg-r-u0260.pfb
ipxg-r-u0262 IGFCTT1-u0262 "ipxt1-u0262 ReEncodeFont" <ipxt1-u0262.enc <ipxg-r-u0262.pfb
ipxg-r-u0263 IGFCTT1-u0263 "ipxt1-u0263 ReEncodeFont" <ipxt1-u0263.enc <ipxg-r-u0263.pfb
ipxg-r-u0264 IGFCTT1-u0264 "ipxt1-u0264 ReEncodeFont" <ipxt1-u0264.enc <ipxg-r-u0264.pfb
ipxg-r-u0266 IGFCTT1-u0266 "ipxt1-u0266 ReEncodeFont" <ipxt1-u0266.enc <ipxg-r-u0266.pfb
ipxg-r-u0267 IGFCTT1-u0267 "ipxt1-u0267 ReEncodeFont" <ipxt1-u0267.enc <ipxg-r-u0267.pfb
ipxg-r-u0268 IGFCTT1-u0268 "ipxt1-u0268 ReEncodeFont" <ipxt1-u0268.enc <ipxg-r-u0268.pfb
ipxg-r-u0269 IGFCTT1-u0269 "ipxt1-u0269 ReEncodeFont" <ipxt1-u0269.enc <ipxg-r-u0269.pfb
ipxg-r-u026a IGFCTT1-u026a "ipxt1-u026a ReEncodeFont" <ipxt1-u026a.enc <ipxg-r-u026a.pfb
ipxg-r-u026c IGFCTT1-u026c "ipxt1-u026c ReEncodeFont" <ipxt1-u026c.enc <ipxg-r-u026c.pfb
ipxg-r-u026e IGFCTT1-u026e "ipxt1-u026e ReEncodeFont" <ipxt1-u026e.enc <ipxg-r-u026e.pfb
ipxg-r-u026f IGFCTT1-u026f "ipxt1-u026f ReEncodeFont" <ipxt1-u026f.enc <ipxg-r-u026f.pfb
ipxg-r-u0270 IGFCTT1-u0270 "ipxt1-u0270 ReEncodeFont" <ipxt1-u0270.enc <ipxg-r-u0270.pfb
ipxg-r-u0271 IGFCTT1-u0271 "ipxt1-u0271 ReEncodeFont" <ipxt1-u0271.enc <ipxg-r-u0271.pfb
ipxg-r-u0273 IGFCTT1-u0273 "ipxt1-u0273 ReEncodeFont" <ipxt1-u0273.enc <ipxg-r-u0273.pfb
ipxg-r-u0274 IGFCTT1-u0274 "ipxt1-u0274 ReEncodeFont" <ipxt1-u0274.enc <ipxg-r-u0274.pfb
ipxg-r-u0276 IGFCTT1-u0276 "ipxt1-u0276 ReEncodeFont" <ipxt1-u0276.enc <ipxg-r-u0276.pfb
ipxg-r-u0277 IGFCTT1-u0277 "ipxt1-u0277 ReEncodeFont" <ipxt1-u0277.enc <ipxg-r-u0277.pfb
ipxg-r-u0279 IGFCTT1-u0279 "ipxt1-u0279 ReEncodeFont" <ipxt1-u0279.enc <ipxg-r-u0279.pfb
ipxg-r-u027a IGFCTT1-u027a "ipxt1-u027a ReEncodeFont" <ipxt1-u027a.enc <ipxg-r-u027a.pfb
ipxg-r-u027b IGFCTT1-u027b "ipxt1-u027b ReEncodeFont" <ipxt1-u027b.enc <ipxg-r-u027b.pfb
ipxg-r-u027c IGFCTT1-u027c "ipxt1-u027c ReEncodeFont" <ipxt1-u027c.enc <ipxg-r-u027c.pfb
ipxg-r-u027d IGFCTT1-u027d "ipxt1-u027d ReEncodeFont" <ipxt1-u027d.enc <ipxg-r-u027d.pfb
ipxg-r-u027e IGFCTT1-u027e "ipxt1-u027e ReEncodeFont" <ipxt1-u027e.enc <ipxg-r-u027e.pfb
ipxg-r-u027f IGFCTT1-u027f "ipxt1-u027f ReEncodeFont" <ipxt1-u027f.enc <ipxg-r-u027f.pfb
ipxg-r-u0280 IGFCTT1-u0280 "ipxt1-u0280 ReEncodeFont" <ipxt1-u0280.enc <ipxg-r-u0280.pfb
ipxg-r-u0282 IGFCTT1-u0282 "ipxt1-u0282 ReEncodeFont" <ipxt1-u0282.enc <ipxg-r-u0282.pfb
ipxg-r-u0283 IGFCTT1-u0283 "ipxt1-u0283 ReEncodeFont" <ipxt1-u0283.enc <ipxg-r-u0283.pfb
ipxg-r-u0284 IGFCTT1-u0284 "ipxt1-u0284 ReEncodeFont" <ipxt1-u0284.enc <ipxg-r-u0284.pfb
ipxg-r-u0285 IGFCTT1-u0285 "ipxt1-u0285 ReEncodeFont" <ipxt1-u0285.enc <ipxg-r-u0285.pfb
ipxg-r-u0286 IGFCTT1-u0286 "ipxt1-u0286 ReEncodeFont" <ipxt1-u0286.enc <ipxg-r-u0286.pfb
ipxg-r-u0289 IGFCTT1-u0289 "ipxt1-u0289 ReEncodeFont" <ipxt1-u0289.enc <ipxg-r-u0289.pfb
ipxg-r-u028a IGFCTT1-u028a "ipxt1-u028a ReEncodeFont" <ipxt1-u028a.enc <ipxg-r-u028a.pfb
ipxg-r-u028b IGFCTT1-u028b "ipxt1-u028b ReEncodeFont" <ipxt1-u028b.enc <ipxg-r-u028b.pfb
ipxg-r-u028d IGFCTT1-u028d "ipxt1-u028d ReEncodeFont" <ipxt1-u028d.enc <ipxg-r-u028d.pfb
ipxg-r-u028e IGFCTT1-u028e "ipxt1-u028e ReEncodeFont" <ipxt1-u028e.enc <ipxg-r-u028e.pfb
ipxg-r-u028f IGFCTT1-u028f "ipxt1-u028f ReEncodeFont" <ipxt1-u028f.enc <ipxg-r-u028f.pfb
ipxg-r-u0292 IGFCTT1-u0292 "ipxt1-u0292 ReEncodeFont" <ipxt1-u0292.enc <ipxg-r-u0292.pfb
ipxg-r-u0294 IGFCTT1-u0294 "ipxt1-u0294 ReEncodeFont" <ipxt1-u0294.enc <ipxg-r-u0294.pfb
ipxg-r-u0295 IGFCTT1-u0295 "ipxt1-u0295 ReEncodeFont" <ipxt1-u0295.enc <ipxg-r-u0295.pfb
ipxg-r-u0296 IGFCTT1-u0296 "ipxt1-u0296 ReEncodeFont" <ipxt1-u0296.enc <ipxg-r-u0296.pfb
ipxg-r-u0297 IGFCTT1-u0297 "ipxt1-u0297 ReEncodeFont" <ipxt1-u0297.enc <ipxg-r-u0297.pfb
ipxg-r-u0298 IGFCTT1-u0298 "ipxt1-u0298 ReEncodeFont" <ipxt1-u0298.enc <ipxg-r-u0298.pfb
ipxg-r-u029a IGFCTT1-u029a "ipxt1-u029a ReEncodeFont" <ipxt1-u029a.enc <ipxg-r-u029a.pfb
ipxg-r-u029d IGFCTT1-u029d "ipxt1-u029d ReEncodeFont" <ipxt1-u029d.enc <ipxg-r-u029d.pfb
ipxg-r-u029e IGFCTT1-u029e "ipxt1-u029e ReEncodeFont" <ipxt1-u029e.enc <ipxg-r-u029e.pfb
ipxg-r-u029f IGFCTT1-u029f "ipxt1-u029f ReEncodeFont" <ipxt1-u029f.enc <ipxg-r-u029f.pfb
ipxg-r-u02a0 IGFCTT1-u02a0 "ipxt1-u02a0 ReEncodeFont" <ipxt1-u02a0.enc <ipxg-r-u02a0.pfb
ipxg-r-u02a1 IGFCTT1-u02a1 "ipxt1-u02a1 ReEncodeFont" <ipxt1-u02a1.enc <ipxg-r-u02a1.pfb
ipxg-r-u02a3 IGFCTT1-u02a3 "ipxt1-u02a3 ReEncodeFont" <ipxt1-u02a3.enc <ipxg-r-u02a3.pfb
ipxg-r-u02a4 IGFCTT1-u02a4 "ipxt1-u02a4 ReEncodeFont" <ipxt1-u02a4.enc <ipxg-r-u02a4.pfb
ipxg-r-u02a5 IGFCTT1-u02a5 "ipxt1-u02a5 ReEncodeFont" <ipxt1-u02a5.enc <ipxg-r-u02a5.pfb
ipxg-r-u02a6 IGFCTT1-u02a6 "ipxt1-u02a6 ReEncodeFont" <ipxt1-u02a6.enc <ipxg-r-u02a6.pfb
ipxg-r-u02f8 IGFCTT1-u02f8 "ipxt1-u02f8 ReEncodeFont" <ipxt1-u02f8.enc <ipxg-r-u02f8.pfb
ipxg-ro-ot1 IGFCTT1-ot1 ".25 SlantFont ipxt1-ot1 ReEncodeFont" <ipxt1-ot1.enc <ipxg-r-ot1.pfb
ipxg-ro-t1 IGFCTT1-t1 ".25 SlantFont ipxt1-t1 ReEncodeFont" <ipxt1-t1.enc <ipxg-r-t1.pfb
ipxg-ro-ts1 IGFCTT1-ts1 ".25 SlantFont ipxt1-ts1 ReEncodeFont" <ipxt1-ts1.enc <ipxg-r-ts1.pfb
ipxg-ro-ly1 IGFCTT1-ly1 ".25 SlantFont ipxt1-ly1 ReEncodeFont" <ipxt1-ly1.enc <ipxg-r-ly1.pfb
ipxg-ro-u00 IGFCTT1-u00 ".25 SlantFont ipxt1-u00 ReEncodeFont" <ipxt1-u00.enc <ipxg-r-u00.pfb
ipxg-ro-u01 IGFCTT1-u01 ".25 SlantFont ipxt1-u01 ReEncodeFont" <ipxt1-u01.enc <ipxg-r-u01.pfb
ipxg-ro-u02 IGFCTT1-u02 ".25 SlantFont ipxt1-u02 ReEncodeFont" <ipxt1-u02.enc <ipxg-r-u02.pfb
ipxg-ro-u03 IGFCTT1-u03 ".25 SlantFont ipxt1-u03 ReEncodeFont" <ipxt1-u03.enc <ipxg-r-u03.pfb
ipxg-ro-u04 IGFCTT1-u04 ".25 SlantFont ipxt1-u04 ReEncodeFont" <ipxt1-u04.enc <ipxg-r-u04.pfb
ipxg-ro-u1e IGFCTT1-u1e ".25 SlantFont ipxt1-u1e ReEncodeFont" <ipxt1-u1e.enc <ipxg-r-u1e.pfb
ipxg-ro-u1f IGFCTT1-u1f ".25 SlantFont ipxt1-u1f ReEncodeFont" <ipxt1-u1f.enc <ipxg-r-u1f.pfb
ipxg-ro-u20 IGFCTT1-u20 ".25 SlantFont ipxt1-u20 ReEncodeFont" <ipxt1-u20.enc <ipxg-r-u20.pfb
ipxg-ro-u21 IGFCTT1-u21 ".25 SlantFont ipxt1-u21 ReEncodeFont" <ipxt1-u21.enc <ipxg-r-u21.pfb
ipxg-ro-u22 IGFCTT1-u22 ".25 SlantFont ipxt1-u22 ReEncodeFont" <ipxt1-u22.enc <ipxg-r-u22.pfb
ipxg-ro-u23 IGFCTT1-u23 ".25 SlantFont ipxt1-u23 ReEncodeFont" <ipxt1-u23.enc <ipxg-r-u23.pfb
ipxg-ro-u24 IGFCTT1-u24 ".25 SlantFont ipxt1-u24 ReEncodeFont" <ipxt1-u24.enc <ipxg-r-u24.pfb
ipxg-ro-u25 IGFCTT1-u25 ".25 SlantFont ipxt1-u25 ReEncodeFont" <ipxt1-u25.enc <ipxg-r-u25.pfb
ipxg-ro-u26 IGFCTT1-u26 ".25 SlantFont ipxt1-u26 ReEncodeFont" <ipxt1-u26.enc <ipxg-r-u26.pfb
ipxg-ro-u27 IGFCTT1-u27 ".25 SlantFont ipxt1-u27 ReEncodeFont" <ipxt1-u27.enc <ipxg-r-u27.pfb
ipxg-ro-u29 IGFCTT1-u29 ".25 SlantFont ipxt1-u29 ReEncodeFont" <ipxt1-u29.enc <ipxg-r-u29.pfb
ipxg-ro-u2e IGFCTT1-u2e ".25 SlantFont ipxt1-u2e ReEncodeFont" <ipxt1-u2e.enc <ipxg-r-u2e.pfb
ipxg-ro-u2f IGFCTT1-u2f ".25 SlantFont ipxt1-u2f ReEncodeFont" <ipxt1-u2f.enc <ipxg-r-u2f.pfb
ipxg-ro-u30 IGFCTT1-u30 ".25 SlantFont ipxt1-u30 ReEncodeFont" <ipxt1-u30.enc <ipxg-r-u30.pfb
ipxg-ro-u31 IGFCTT1-u31 ".25 SlantFont ipxt1-u31 ReEncodeFont" <ipxt1-u31.enc <ipxg-r-u31.pfb
ipxg-ro-u32 IGFCTT1-u32 ".25 SlantFont ipxt1-u32 ReEncodeFont" <ipxt1-u32.enc <ipxg-r-u32.pfb
ipxg-ro-u33 IGFCTT1-u33 ".25 SlantFont ipxt1-u33 ReEncodeFont" <ipxt1-u33.enc <ipxg-r-u33.pfb
ipxg-ro-u34 IGFCTT1-u34 ".25 SlantFont ipxt1-u34 ReEncodeFont" <ipxt1-u34.enc <ipxg-r-u34.pfb
ipxg-ro-u35 IGFCTT1-u35 ".25 SlantFont ipxt1-u35 ReEncodeFont" <ipxt1-u35.enc <ipxg-r-u35.pfb
ipxg-ro-u36 IGFCTT1-u36 ".25 SlantFont ipxt1-u36 ReEncodeFont" <ipxt1-u36.enc <ipxg-r-u36.pfb
ipxg-ro-u37 IGFCTT1-u37 ".25 SlantFont ipxt1-u37 ReEncodeFont" <ipxt1-u37.enc <ipxg-r-u37.pfb
ipxg-ro-u38 IGFCTT1-u38 ".25 SlantFont ipxt1-u38 ReEncodeFont" <ipxt1-u38.enc <ipxg-r-u38.pfb
ipxg-ro-u39 IGFCTT1-u39 ".25 SlantFont ipxt1-u39 ReEncodeFont" <ipxt1-u39.enc <ipxg-r-u39.pfb
ipxg-ro-u3a IGFCTT1-u3a ".25 SlantFont ipxt1-u3a ReEncodeFont" <ipxt1-u3a.enc <ipxg-r-u3a.pfb
ipxg-ro-u3b IGFCTT1-u3b ".25 SlantFont ipxt1-u3b ReEncodeFont" <ipxt1-u3b.enc <ipxg-r-u3b.pfb
ipxg-ro-u3c IGFCTT1-u3c ".25 SlantFont ipxt1-u3c ReEncodeFont" <ipxt1-u3c.enc <ipxg-r-u3c.pfb
ipxg-ro-u3d IGFCTT1-u3d ".25 SlantFont ipxt1-u3d ReEncodeFont" <ipxt1-u3d.enc <ipxg-r-u3d.pfb
ipxg-ro-u3e IGFCTT1-u3e ".25 SlantFont ipxt1-u3e ReEncodeFont" <ipxt1-u3e.enc <ipxg-r-u3e.pfb
ipxg-ro-u3f IGFCTT1-u3f ".25 SlantFont ipxt1-u3f ReEncodeFont" <ipxt1-u3f.enc <ipxg-r-u3f.pfb
ipxg-ro-u40 IGFCTT1-u40 ".25 SlantFont ipxt1-u40 ReEncodeFont" <ipxt1-u40.enc <ipxg-r-u40.pfb
ipxg-ro-u41 IGFCTT1-u41 ".25 SlantFont ipxt1-u41 ReEncodeFont" <ipxt1-u41.enc <ipxg-r-u41.pfb
ipxg-ro-u42 IGFCTT1-u42 ".25 SlantFont ipxt1-u42 ReEncodeFont" <ipxt1-u42.enc <ipxg-r-u42.pfb
ipxg-ro-u43 IGFCTT1-u43 ".25 SlantFont ipxt1-u43 ReEncodeFont" <ipxt1-u43.enc <ipxg-r-u43.pfb
ipxg-ro-u44 IGFCTT1-u44 ".25 SlantFont ipxt1-u44 ReEncodeFont" <ipxt1-u44.enc <ipxg-r-u44.pfb
ipxg-ro-u45 IGFCTT1-u45 ".25 SlantFont ipxt1-u45 ReEncodeFont" <ipxt1-u45.enc <ipxg-r-u45.pfb
ipxg-ro-u46 IGFCTT1-u46 ".25 SlantFont ipxt1-u46 ReEncodeFont" <ipxt1-u46.enc <ipxg-r-u46.pfb
ipxg-ro-u47 IGFCTT1-u47 ".25 SlantFont ipxt1-u47 ReEncodeFont" <ipxt1-u47.enc <ipxg-r-u47.pfb
ipxg-ro-u48 IGFCTT1-u48 ".25 SlantFont ipxt1-u48 ReEncodeFont" <ipxt1-u48.enc <ipxg-r-u48.pfb
ipxg-ro-u49 IGFCTT1-u49 ".25 SlantFont ipxt1-u49 ReEncodeFont" <ipxt1-u49.enc <ipxg-r-u49.pfb
ipxg-ro-u4a IGFCTT1-u4a ".25 SlantFont ipxt1-u4a ReEncodeFont" <ipxt1-u4a.enc <ipxg-r-u4a.pfb
ipxg-ro-u4b IGFCTT1-u4b ".25 SlantFont ipxt1-u4b ReEncodeFont" <ipxt1-u4b.enc <ipxg-r-u4b.pfb
ipxg-ro-u4c IGFCTT1-u4c ".25 SlantFont ipxt1-u4c ReEncodeFont" <ipxt1-u4c.enc <ipxg-r-u4c.pfb
ipxg-ro-u4d IGFCTT1-u4d ".25 SlantFont ipxt1-u4d ReEncodeFont" <ipxt1-u4d.enc <ipxg-r-u4d.pfb
ipxg-ro-u4e IGFCTT1-u4e ".25 SlantFont ipxt1-u4e ReEncodeFont" <ipxt1-u4e.enc <ipxg-r-u4e.pfb
ipxg-ro-u4f IGFCTT1-u4f ".25 SlantFont ipxt1-u4f ReEncodeFont" <ipxt1-u4f.enc <ipxg-r-u4f.pfb
ipxg-ro-u50 IGFCTT1-u50 ".25 SlantFont ipxt1-u50 ReEncodeFont" <ipxt1-u50.enc <ipxg-r-u50.pfb
ipxg-ro-u51 IGFCTT1-u51 ".25 SlantFont ipxt1-u51 ReEncodeFont" <ipxt1-u51.enc <ipxg-r-u51.pfb
ipxg-ro-u52 IGFCTT1-u52 ".25 SlantFont ipxt1-u52 ReEncodeFont" <ipxt1-u52.enc <ipxg-r-u52.pfb
ipxg-ro-u53 IGFCTT1-u53 ".25 SlantFont ipxt1-u53 ReEncodeFont" <ipxt1-u53.enc <ipxg-r-u53.pfb
ipxg-ro-u54 IGFCTT1-u54 ".25 SlantFont ipxt1-u54 ReEncodeFont" <ipxt1-u54.enc <ipxg-r-u54.pfb
ipxg-ro-u55 IGFCTT1-u55 ".25 SlantFont ipxt1-u55 ReEncodeFont" <ipxt1-u55.enc <ipxg-r-u55.pfb
ipxg-ro-u56 IGFCTT1-u56 ".25 SlantFont ipxt1-u56 ReEncodeFont" <ipxt1-u56.enc <ipxg-r-u56.pfb
ipxg-ro-u57 IGFCTT1-u57 ".25 SlantFont ipxt1-u57 ReEncodeFont" <ipxt1-u57.enc <ipxg-r-u57.pfb
ipxg-ro-u58 IGFCTT1-u58 ".25 SlantFont ipxt1-u58 ReEncodeFont" <ipxt1-u58.enc <ipxg-r-u58.pfb
ipxg-ro-u59 IGFCTT1-u59 ".25 SlantFont ipxt1-u59 ReEncodeFont" <ipxt1-u59.enc <ipxg-r-u59.pfb
ipxg-ro-u5a IGFCTT1-u5a ".25 SlantFont ipxt1-u5a ReEncodeFont" <ipxt1-u5a.enc <ipxg-r-u5a.pfb
ipxg-ro-u5b IGFCTT1-u5b ".25 SlantFont ipxt1-u5b ReEncodeFont" <ipxt1-u5b.enc <ipxg-r-u5b.pfb
ipxg-ro-u5c IGFCTT1-u5c ".25 SlantFont ipxt1-u5c ReEncodeFont" <ipxt1-u5c.enc <ipxg-r-u5c.pfb
ipxg-ro-u5d IGFCTT1-u5d ".25 SlantFont ipxt1-u5d ReEncodeFont" <ipxt1-u5d.enc <ipxg-r-u5d.pfb
ipxg-ro-u5e IGFCTT1-u5e ".25 SlantFont ipxt1-u5e ReEncodeFont" <ipxt1-u5e.enc <ipxg-r-u5e.pfb
ipxg-ro-u5f IGFCTT1-u5f ".25 SlantFont ipxt1-u5f ReEncodeFont" <ipxt1-u5f.enc <ipxg-r-u5f.pfb
ipxg-ro-u60 IGFCTT1-u60 ".25 SlantFont ipxt1-u60 ReEncodeFont" <ipxt1-u60.enc <ipxg-r-u60.pfb
ipxg-ro-u61 IGFCTT1-u61 ".25 SlantFont ipxt1-u61 ReEncodeFont" <ipxt1-u61.enc <ipxg-r-u61.pfb
ipxg-ro-u62 IGFCTT1-u62 ".25 SlantFont ipxt1-u62 ReEncodeFont" <ipxt1-u62.enc <ipxg-r-u62.pfb
ipxg-ro-u63 IGFCTT1-u63 ".25 SlantFont ipxt1-u63 ReEncodeFont" <ipxt1-u63.enc <ipxg-r-u63.pfb
ipxg-ro-u64 IGFCTT1-u64 ".25 SlantFont ipxt1-u64 ReEncodeFont" <ipxt1-u64.enc <ipxg-r-u64.pfb
ipxg-ro-u65 IGFCTT1-u65 ".25 SlantFont ipxt1-u65 ReEncodeFont" <ipxt1-u65.enc <ipxg-r-u65.pfb
ipxg-ro-u66 IGFCTT1-u66 ".25 SlantFont ipxt1-u66 ReEncodeFont" <ipxt1-u66.enc <ipxg-r-u66.pfb
ipxg-ro-u67 IGFCTT1-u67 ".25 SlantFont ipxt1-u67 ReEncodeFont" <ipxt1-u67.enc <ipxg-r-u67.pfb
ipxg-ro-u68 IGFCTT1-u68 ".25 SlantFont ipxt1-u68 ReEncodeFont" <ipxt1-u68.enc <ipxg-r-u68.pfb
ipxg-ro-u69 IGFCTT1-u69 ".25 SlantFont ipxt1-u69 ReEncodeFont" <ipxt1-u69.enc <ipxg-r-u69.pfb
ipxg-ro-u6a IGFCTT1-u6a ".25 SlantFont ipxt1-u6a ReEncodeFont" <ipxt1-u6a.enc <ipxg-r-u6a.pfb
ipxg-ro-u6b IGFCTT1-u6b ".25 SlantFont ipxt1-u6b ReEncodeFont" <ipxt1-u6b.enc <ipxg-r-u6b.pfb
ipxg-ro-u6c IGFCTT1-u6c ".25 SlantFont ipxt1-u6c ReEncodeFont" <ipxt1-u6c.enc <ipxg-r-u6c.pfb
ipxg-ro-u6d IGFCTT1-u6d ".25 SlantFont ipxt1-u6d ReEncodeFont" <ipxt1-u6d.enc <ipxg-r-u6d.pfb
ipxg-ro-u6e IGFCTT1-u6e ".25 SlantFont ipxt1-u6e ReEncodeFont" <ipxt1-u6e.enc <ipxg-r-u6e.pfb
ipxg-ro-u6f IGFCTT1-u6f ".25 SlantFont ipxt1-u6f ReEncodeFont" <ipxt1-u6f.enc <ipxg-r-u6f.pfb
ipxg-ro-u70 IGFCTT1-u70 ".25 SlantFont ipxt1-u70 ReEncodeFont" <ipxt1-u70.enc <ipxg-r-u70.pfb
ipxg-ro-u71 IGFCTT1-u71 ".25 SlantFont ipxt1-u71 ReEncodeFont" <ipxt1-u71.enc <ipxg-r-u71.pfb
ipxg-ro-u72 IGFCTT1-u72 ".25 SlantFont ipxt1-u72 ReEncodeFont" <ipxt1-u72.enc <ipxg-r-u72.pfb
ipxg-ro-u73 IGFCTT1-u73 ".25 SlantFont ipxt1-u73 ReEncodeFont" <ipxt1-u73.enc <ipxg-r-u73.pfb
ipxg-ro-u74 IGFCTT1-u74 ".25 SlantFont ipxt1-u74 ReEncodeFont" <ipxt1-u74.enc <ipxg-r-u74.pfb
ipxg-ro-u75 IGFCTT1-u75 ".25 SlantFont ipxt1-u75 ReEncodeFont" <ipxt1-u75.enc <ipxg-r-u75.pfb
ipxg-ro-u76 IGFCTT1-u76 ".25 SlantFont ipxt1-u76 ReEncodeFont" <ipxt1-u76.enc <ipxg-r-u76.pfb
ipxg-ro-u77 IGFCTT1-u77 ".25 SlantFont ipxt1-u77 ReEncodeFont" <ipxt1-u77.enc <ipxg-r-u77.pfb
ipxg-ro-u78 IGFCTT1-u78 ".25 SlantFont ipxt1-u78 ReEncodeFont" <ipxt1-u78.enc <ipxg-r-u78.pfb
ipxg-ro-u79 IGFCTT1-u79 ".25 SlantFont ipxt1-u79 ReEncodeFont" <ipxt1-u79.enc <ipxg-r-u79.pfb
ipxg-ro-u7a IGFCTT1-u7a ".25 SlantFont ipxt1-u7a ReEncodeFont" <ipxt1-u7a.enc <ipxg-r-u7a.pfb
ipxg-ro-u7b IGFCTT1-u7b ".25 SlantFont ipxt1-u7b ReEncodeFont" <ipxt1-u7b.enc <ipxg-r-u7b.pfb
ipxg-ro-u7c IGFCTT1-u7c ".25 SlantFont ipxt1-u7c ReEncodeFont" <ipxt1-u7c.enc <ipxg-r-u7c.pfb
ipxg-ro-u7d IGFCTT1-u7d ".25 SlantFont ipxt1-u7d ReEncodeFont" <ipxt1-u7d.enc <ipxg-r-u7d.pfb
ipxg-ro-u7e IGFCTT1-u7e ".25 SlantFont ipxt1-u7e ReEncodeFont" <ipxt1-u7e.enc <ipxg-r-u7e.pfb
ipxg-ro-u7f IGFCTT1-u7f ".25 SlantFont ipxt1-u7f ReEncodeFont" <ipxt1-u7f.enc <ipxg-r-u7f.pfb
ipxg-ro-u80 IGFCTT1-u80 ".25 SlantFont ipxt1-u80 ReEncodeFont" <ipxt1-u80.enc <ipxg-r-u80.pfb
ipxg-ro-u81 IGFCTT1-u81 ".25 SlantFont ipxt1-u81 ReEncodeFont" <ipxt1-u81.enc <ipxg-r-u81.pfb
ipxg-ro-u82 IGFCTT1-u82 ".25 SlantFont ipxt1-u82 ReEncodeFont" <ipxt1-u82.enc <ipxg-r-u82.pfb
ipxg-ro-u83 IGFCTT1-u83 ".25 SlantFont ipxt1-u83 ReEncodeFont" <ipxt1-u83.enc <ipxg-r-u83.pfb
ipxg-ro-u84 IGFCTT1-u84 ".25 SlantFont ipxt1-u84 ReEncodeFont" <ipxt1-u84.enc <ipxg-r-u84.pfb
ipxg-ro-u85 IGFCTT1-u85 ".25 SlantFont ipxt1-u85 ReEncodeFont" <ipxt1-u85.enc <ipxg-r-u85.pfb
ipxg-ro-u86 IGFCTT1-u86 ".25 SlantFont ipxt1-u86 ReEncodeFont" <ipxt1-u86.enc <ipxg-r-u86.pfb
ipxg-ro-u87 IGFCTT1-u87 ".25 SlantFont ipxt1-u87 ReEncodeFont" <ipxt1-u87.enc <ipxg-r-u87.pfb
ipxg-ro-u88 IGFCTT1-u88 ".25 SlantFont ipxt1-u88 ReEncodeFont" <ipxt1-u88.enc <ipxg-r-u88.pfb
ipxg-ro-u89 IGFCTT1-u89 ".25 SlantFont ipxt1-u89 ReEncodeFont" <ipxt1-u89.enc <ipxg-r-u89.pfb
ipxg-ro-u8a IGFCTT1-u8a ".25 SlantFont ipxt1-u8a ReEncodeFont" <ipxt1-u8a.enc <ipxg-r-u8a.pfb
ipxg-ro-u8b IGFCTT1-u8b ".25 SlantFont ipxt1-u8b ReEncodeFont" <ipxt1-u8b.enc <ipxg-r-u8b.pfb
ipxg-ro-u8c IGFCTT1-u8c ".25 SlantFont ipxt1-u8c ReEncodeFont" <ipxt1-u8c.enc <ipxg-r-u8c.pfb
ipxg-ro-u8d IGFCTT1-u8d ".25 SlantFont ipxt1-u8d ReEncodeFont" <ipxt1-u8d.enc <ipxg-r-u8d.pfb
ipxg-ro-u8e IGFCTT1-u8e ".25 SlantFont ipxt1-u8e ReEncodeFont" <ipxt1-u8e.enc <ipxg-r-u8e.pfb
ipxg-ro-u8f IGFCTT1-u8f ".25 SlantFont ipxt1-u8f ReEncodeFont" <ipxt1-u8f.enc <ipxg-r-u8f.pfb
ipxg-ro-u90 IGFCTT1-u90 ".25 SlantFont ipxt1-u90 ReEncodeFont" <ipxt1-u90.enc <ipxg-r-u90.pfb
ipxg-ro-u91 IGFCTT1-u91 ".25 SlantFont ipxt1-u91 ReEncodeFont" <ipxt1-u91.enc <ipxg-r-u91.pfb
ipxg-ro-u92 IGFCTT1-u92 ".25 SlantFont ipxt1-u92 ReEncodeFont" <ipxt1-u92.enc <ipxg-r-u92.pfb
ipxg-ro-u93 IGFCTT1-u93 ".25 SlantFont ipxt1-u93 ReEncodeFont" <ipxt1-u93.enc <ipxg-r-u93.pfb
ipxg-ro-u94 IGFCTT1-u94 ".25 SlantFont ipxt1-u94 ReEncodeFont" <ipxt1-u94.enc <ipxg-r-u94.pfb
ipxg-ro-u95 IGFCTT1-u95 ".25 SlantFont ipxt1-u95 ReEncodeFont" <ipxt1-u95.enc <ipxg-r-u95.pfb
ipxg-ro-u96 IGFCTT1-u96 ".25 SlantFont ipxt1-u96 ReEncodeFont" <ipxt1-u96.enc <ipxg-r-u96.pfb
ipxg-ro-u97 IGFCTT1-u97 ".25 SlantFont ipxt1-u97 ReEncodeFont" <ipxt1-u97.enc <ipxg-r-u97.pfb
ipxg-ro-u98 IGFCTT1-u98 ".25 SlantFont ipxt1-u98 ReEncodeFont" <ipxt1-u98.enc <ipxg-r-u98.pfb
ipxg-ro-u99 IGFCTT1-u99 ".25 SlantFont ipxt1-u99 ReEncodeFont" <ipxt1-u99.enc <ipxg-r-u99.pfb
ipxg-ro-u9a IGFCTT1-u9a ".25 SlantFont ipxt1-u9a ReEncodeFont" <ipxt1-u9a.enc <ipxg-r-u9a.pfb
ipxg-ro-u9b IGFCTT1-u9b ".25 SlantFont ipxt1-u9b ReEncodeFont" <ipxt1-u9b.enc <ipxg-r-u9b.pfb
ipxg-ro-u9c IGFCTT1-u9c ".25 SlantFont ipxt1-u9c ReEncodeFont" <ipxt1-u9c.enc <ipxg-r-u9c.pfb
ipxg-ro-u9d IGFCTT1-u9d ".25 SlantFont ipxt1-u9d ReEncodeFont" <ipxt1-u9d.enc <ipxg-r-u9d.pfb
ipxg-ro-u9e IGFCTT1-u9e ".25 SlantFont ipxt1-u9e ReEncodeFont" <ipxt1-u9e.enc <ipxg-r-u9e.pfb
ipxg-ro-u9f IGFCTT1-u9f ".25 SlantFont ipxt1-u9f ReEncodeFont" <ipxt1-u9f.enc <ipxg-r-u9f.pfb
ipxg-ro-uf8 IGFCTT1-uf8 ".25 SlantFont ipxt1-uf8 ReEncodeFont" <ipxt1-uf8.enc <ipxg-r-uf8.pfb
ipxg-ro-uf9 IGFCTT1-uf9 ".25 SlantFont ipxt1-uf9 ReEncodeFont" <ipxt1-uf9.enc <ipxg-r-uf9.pfb
ipxg-ro-ufa IGFCTT1-ufa ".25 SlantFont ipxt1-ufa ReEncodeFont" <ipxt1-ufa.enc <ipxg-r-ufa.pfb
ipxg-ro-ufe IGFCTT1-ufe ".25 SlantFont ipxt1-ufe ReEncodeFont" <ipxt1-ufe.enc <ipxg-r-ufe.pfb
ipxg-ro-uff IGFCTT1-uff ".25 SlantFont ipxt1-uff ReEncodeFont" <ipxt1-uff.enc <ipxg-r-uff.pfb
ipxg-ro-u0200 IGFCTT1-u0200 ".25 SlantFont ipxt1-u0200 ReEncodeFont" <ipxt1-u0200.enc <ipxg-r-u0200.pfb
ipxg-ro-u0201 IGFCTT1-u0201 ".25 SlantFont ipxt1-u0201 ReEncodeFont" <ipxt1-u0201.enc <ipxg-r-u0201.pfb
ipxg-ro-u0202 IGFCTT1-u0202 ".25 SlantFont ipxt1-u0202 ReEncodeFont" <ipxt1-u0202.enc <ipxg-r-u0202.pfb
ipxg-ro-u0203 IGFCTT1-u0203 ".25 SlantFont ipxt1-u0203 ReEncodeFont" <ipxt1-u0203.enc <ipxg-r-u0203.pfb
ipxg-ro-u0204 IGFCTT1-u0204 ".25 SlantFont ipxt1-u0204 ReEncodeFont" <ipxt1-u0204.enc <ipxg-r-u0204.pfb
ipxg-ro-u0205 IGFCTT1-u0205 ".25 SlantFont ipxt1-u0205 ReEncodeFont" <ipxt1-u0205.enc <ipxg-r-u0205.pfb
ipxg-ro-u0206 IGFCTT1-u0206 ".25 SlantFont ipxt1-u0206 ReEncodeFont" <ipxt1-u0206.enc <ipxg-r-u0206.pfb
ipxg-ro-u0207 IGFCTT1-u0207 ".25 SlantFont ipxt1-u0207 ReEncodeFont" <ipxt1-u0207.enc <ipxg-r-u0207.pfb
ipxg-ro-u0208 IGFCTT1-u0208 ".25 SlantFont ipxt1-u0208 ReEncodeFont" <ipxt1-u0208.enc <ipxg-r-u0208.pfb
ipxg-ro-u0209 IGFCTT1-u0209 ".25 SlantFont ipxt1-u0209 ReEncodeFont" <ipxt1-u0209.enc <ipxg-r-u0209.pfb
ipxg-ro-u020a IGFCTT1-u020a ".25 SlantFont ipxt1-u020a ReEncodeFont" <ipxt1-u020a.enc <ipxg-r-u020a.pfb
ipxg-ro-u020b IGFCTT1-u020b ".25 SlantFont ipxt1-u020b ReEncodeFont" <ipxt1-u020b.enc <ipxg-r-u020b.pfb
ipxg-ro-u020d IGFCTT1-u020d ".25 SlantFont ipxt1-u020d ReEncodeFont" <ipxt1-u020d.enc <ipxg-r-u020d.pfb
ipxg-ro-u020e IGFCTT1-u020e ".25 SlantFont ipxt1-u020e ReEncodeFont" <ipxt1-u020e.enc <ipxg-r-u020e.pfb
ipxg-ro-u020f IGFCTT1-u020f ".25 SlantFont ipxt1-u020f ReEncodeFont" <ipxt1-u020f.enc <ipxg-r-u020f.pfb
ipxg-ro-u0212 IGFCTT1-u0212 ".25 SlantFont ipxt1-u0212 ReEncodeFont" <ipxt1-u0212.enc <ipxg-r-u0212.pfb
ipxg-ro-u0213 IGFCTT1-u0213 ".25 SlantFont ipxt1-u0213 ReEncodeFont" <ipxt1-u0213.enc <ipxg-r-u0213.pfb
ipxg-ro-u0214 IGFCTT1-u0214 ".25 SlantFont ipxt1-u0214 ReEncodeFont" <ipxt1-u0214.enc <ipxg-r-u0214.pfb
ipxg-ro-u0215 IGFCTT1-u0215 ".25 SlantFont ipxt1-u0215 ReEncodeFont" <ipxt1-u0215.enc <ipxg-r-u0215.pfb
ipxg-ro-u0216 IGFCTT1-u0216 ".25 SlantFont ipxt1-u0216 ReEncodeFont" <ipxt1-u0216.enc <ipxg-r-u0216.pfb
ipxg-ro-u0217 IGFCTT1-u0217 ".25 SlantFont ipxt1-u0217 ReEncodeFont" <ipxt1-u0217.enc <ipxg-r-u0217.pfb
ipxg-ro-u0218 IGFCTT1-u0218 ".25 SlantFont ipxt1-u0218 ReEncodeFont" <ipxt1-u0218.enc <ipxg-r-u0218.pfb
ipxg-ro-u0219 IGFCTT1-u0219 ".25 SlantFont ipxt1-u0219 ReEncodeFont" <ipxt1-u0219.enc <ipxg-r-u0219.pfb
ipxg-ro-u021c IGFCTT1-u021c ".25 SlantFont ipxt1-u021c ReEncodeFont" <ipxt1-u021c.enc <ipxg-r-u021c.pfb
ipxg-ro-u021d IGFCTT1-u021d ".25 SlantFont ipxt1-u021d ReEncodeFont" <ipxt1-u021d.enc <ipxg-r-u021d.pfb
ipxg-ro-u021e IGFCTT1-u021e ".25 SlantFont ipxt1-u021e ReEncodeFont" <ipxt1-u021e.enc <ipxg-r-u021e.pfb
ipxg-ro-u021f IGFCTT1-u021f ".25 SlantFont ipxt1-u021f ReEncodeFont" <ipxt1-u021f.enc <ipxg-r-u021f.pfb
ipxg-ro-u0221 IGFCTT1-u0221 ".25 SlantFont ipxt1-u0221 ReEncodeFont" <ipxt1-u0221.enc <ipxg-r-u0221.pfb
ipxg-ro-u0222 IGFCTT1-u0222 ".25 SlantFont ipxt1-u0222 ReEncodeFont" <ipxt1-u0222.enc <ipxg-r-u0222.pfb
ipxg-ro-u0223 IGFCTT1-u0223 ".25 SlantFont ipxt1-u0223 ReEncodeFont" <ipxt1-u0223.enc <ipxg-r-u0223.pfb
ipxg-ro-u0226 IGFCTT1-u0226 ".25 SlantFont ipxt1-u0226 ReEncodeFont" <ipxt1-u0226.enc <ipxg-r-u0226.pfb
ipxg-ro-u0228 IGFCTT1-u0228 ".25 SlantFont ipxt1-u0228 ReEncodeFont" <ipxt1-u0228.enc <ipxg-r-u0228.pfb
ipxg-ro-u0229 IGFCTT1-u0229 ".25 SlantFont ipxt1-u0229 ReEncodeFont" <ipxt1-u0229.enc <ipxg-r-u0229.pfb
ipxg-ro-u022a IGFCTT1-u022a ".25 SlantFont ipxt1-u022a ReEncodeFont" <ipxt1-u022a.enc <ipxg-r-u022a.pfb
ipxg-ro-u022b IGFCTT1-u022b ".25 SlantFont ipxt1-u022b ReEncodeFont" <ipxt1-u022b.enc <ipxg-r-u022b.pfb
ipxg-ro-u022c IGFCTT1-u022c ".25 SlantFont ipxt1-u022c ReEncodeFont" <ipxt1-u022c.enc <ipxg-r-u022c.pfb
ipxg-ro-u022d IGFCTT1-u022d ".25 SlantFont ipxt1-u022d ReEncodeFont" <ipxt1-u022d.enc <ipxg-r-u022d.pfb
ipxg-ro-u0231 IGFCTT1-u0231 ".25 SlantFont ipxt1-u0231 ReEncodeFont" <ipxt1-u0231.enc <ipxg-r-u0231.pfb
ipxg-ro-u0233 IGFCTT1-u0233 ".25 SlantFont ipxt1-u0233 ReEncodeFont" <ipxt1-u0233.enc <ipxg-r-u0233.pfb
ipxg-ro-u0234 IGFCTT1-u0234 ".25 SlantFont ipxt1-u0234 ReEncodeFont" <ipxt1-u0234.enc <ipxg-r-u0234.pfb
ipxg-ro-u0235 IGFCTT1-u0235 ".25 SlantFont ipxt1-u0235 ReEncodeFont" <ipxt1-u0235.enc <ipxg-r-u0235.pfb
ipxg-ro-u0236 IGFCTT1-u0236 ".25 SlantFont ipxt1-u0236 ReEncodeFont" <ipxt1-u0236.enc <ipxg-r-u0236.pfb
ipxg-ro-u0237 IGFCTT1-u0237 ".25 SlantFont ipxt1-u0237 ReEncodeFont" <ipxt1-u0237.enc <ipxg-r-u0237.pfb
ipxg-ro-u0238 IGFCTT1-u0238 ".25 SlantFont ipxt1-u0238 ReEncodeFont" <ipxt1-u0238.enc <ipxg-r-u0238.pfb
ipxg-ro-u023a IGFCTT1-u023a ".25 SlantFont ipxt1-u023a ReEncodeFont" <ipxt1-u023a.enc <ipxg-r-u023a.pfb
ipxg-ro-u023c IGFCTT1-u023c ".25 SlantFont ipxt1-u023c ReEncodeFont" <ipxt1-u023c.enc <ipxg-r-u023c.pfb
ipxg-ro-u023d IGFCTT1-u023d ".25 SlantFont ipxt1-u023d ReEncodeFont" <ipxt1-u023d.enc <ipxg-r-u023d.pfb
ipxg-ro-u023f IGFCTT1-u023f ".25 SlantFont ipxt1-u023f ReEncodeFont" <ipxt1-u023f.enc <ipxg-r-u023f.pfb
ipxg-ro-u0240 IGFCTT1-u0240 ".25 SlantFont ipxt1-u0240 ReEncodeFont" <ipxt1-u0240.enc <ipxg-r-u0240.pfb
ipxg-ro-u0241 IGFCTT1-u0241 ".25 SlantFont ipxt1-u0241 ReEncodeFont" <ipxt1-u0241.enc <ipxg-r-u0241.pfb
ipxg-ro-u0243 IGFCTT1-u0243 ".25 SlantFont ipxt1-u0243 ReEncodeFont" <ipxt1-u0243.enc <ipxg-r-u0243.pfb
ipxg-ro-u0246 IGFCTT1-u0246 ".25 SlantFont ipxt1-u0246 ReEncodeFont" <ipxt1-u0246.enc <ipxg-r-u0246.pfb
ipxg-ro-u0247 IGFCTT1-u0247 ".25 SlantFont ipxt1-u0247 ReEncodeFont" <ipxt1-u0247.enc <ipxg-r-u0247.pfb
ipxg-ro-u0248 IGFCTT1-u0248 ".25 SlantFont ipxt1-u0248 ReEncodeFont" <ipxt1-u0248.enc <ipxg-r-u0248.pfb
ipxg-ro-u024a IGFCTT1-u024a ".25 SlantFont ipxt1-u024a ReEncodeFont" <ipxt1-u024a.enc <ipxg-r-u024a.pfb
ipxg-ro-u024b IGFCTT1-u024b ".25 SlantFont ipxt1-u024b ReEncodeFont" <ipxt1-u024b.enc <ipxg-r-u024b.pfb
ipxg-ro-u024c IGFCTT1-u024c ".25 SlantFont ipxt1-u024c ReEncodeFont" <ipxt1-u024c.enc <ipxg-r-u024c.pfb
ipxg-ro-u024d IGFCTT1-u024d ".25 SlantFont ipxt1-u024d ReEncodeFont" <ipxt1-u024d.enc <ipxg-r-u024d.pfb
ipxg-ro-u024e IGFCTT1-u024e ".25 SlantFont ipxt1-u024e ReEncodeFont" <ipxt1-u024e.enc <ipxg-r-u024e.pfb
ipxg-ro-u0250 IGFCTT1-u0250 ".25 SlantFont ipxt1-u0250 ReEncodeFont" <ipxt1-u0250.enc <ipxg-r-u0250.pfb
ipxg-ro-u0251 IGFCTT1-u0251 ".25 SlantFont ipxt1-u0251 ReEncodeFont" <ipxt1-u0251.enc <ipxg-r-u0251.pfb
ipxg-ro-u0252 IGFCTT1-u0252 ".25 SlantFont ipxt1-u0252 ReEncodeFont" <ipxt1-u0252.enc <ipxg-r-u0252.pfb
ipxg-ro-u0254 IGFCTT1-u0254 ".25 SlantFont ipxt1-u0254 ReEncodeFont" <ipxt1-u0254.enc <ipxg-r-u0254.pfb
ipxg-ro-u0255 IGFCTT1-u0255 ".25 SlantFont ipxt1-u0255 ReEncodeFont" <ipxt1-u0255.enc <ipxg-r-u0255.pfb
ipxg-ro-u0257 IGFCTT1-u0257 ".25 SlantFont ipxt1-u0257 ReEncodeFont" <ipxt1-u0257.enc <ipxg-r-u0257.pfb
ipxg-ro-u0259 IGFCTT1-u0259 ".25 SlantFont ipxt1-u0259 ReEncodeFont" <ipxt1-u0259.enc <ipxg-r-u0259.pfb
ipxg-ro-u025a IGFCTT1-u025a ".25 SlantFont ipxt1-u025a ReEncodeFont" <ipxt1-u025a.enc <ipxg-r-u025a.pfb
ipxg-ro-u025b IGFCTT1-u025b ".25 SlantFont ipxt1-u025b ReEncodeFont" <ipxt1-u025b.enc <ipxg-r-u025b.pfb
ipxg-ro-u025c IGFCTT1-u025c ".25 SlantFont ipxt1-u025c ReEncodeFont" <ipxt1-u025c.enc <ipxg-r-u025c.pfb
ipxg-ro-u025d IGFCTT1-u025d ".25 SlantFont ipxt1-u025d ReEncodeFont" <ipxt1-u025d.enc <ipxg-r-u025d.pfb
ipxg-ro-u025e IGFCTT1-u025e ".25 SlantFont ipxt1-u025e ReEncodeFont" <ipxt1-u025e.enc <ipxg-r-u025e.pfb
ipxg-ro-u025f IGFCTT1-u025f ".25 SlantFont ipxt1-u025f ReEncodeFont" <ipxt1-u025f.enc <ipxg-r-u025f.pfb
ipxg-ro-u0260 IGFCTT1-u0260 ".25 SlantFont ipxt1-u0260 ReEncodeFont" <ipxt1-u0260.enc <ipxg-r-u0260.pfb
ipxg-ro-u0262 IGFCTT1-u0262 ".25 SlantFont ipxt1-u0262 ReEncodeFont" <ipxt1-u0262.enc <ipxg-r-u0262.pfb
ipxg-ro-u0263 IGFCTT1-u0263 ".25 SlantFont ipxt1-u0263 ReEncodeFont" <ipxt1-u0263.enc <ipxg-r-u0263.pfb
ipxg-ro-u0264 IGFCTT1-u0264 ".25 SlantFont ipxt1-u0264 ReEncodeFont" <ipxt1-u0264.enc <ipxg-r-u0264.pfb
ipxg-ro-u0266 IGFCTT1-u0266 ".25 SlantFont ipxt1-u0266 ReEncodeFont" <ipxt1-u0266.enc <ipxg-r-u0266.pfb
ipxg-ro-u0267 IGFCTT1-u0267 ".25 SlantFont ipxt1-u0267 ReEncodeFont" <ipxt1-u0267.enc <ipxg-r-u0267.pfb
ipxg-ro-u0268 IGFCTT1-u0268 ".25 SlantFont ipxt1-u0268 ReEncodeFont" <ipxt1-u0268.enc <ipxg-r-u0268.pfb
ipxg-ro-u0269 IGFCTT1-u0269 ".25 SlantFont ipxt1-u0269 ReEncodeFont" <ipxt1-u0269.enc <ipxg-r-u0269.pfb
ipxg-ro-u026a IGFCTT1-u026a ".25 SlantFont ipxt1-u026a ReEncodeFont" <ipxt1-u026a.enc <ipxg-r-u026a.pfb
ipxg-ro-u026c IGFCTT1-u026c ".25 SlantFont ipxt1-u026c ReEncodeFont" <ipxt1-u026c.enc <ipxg-r-u026c.pfb
ipxg-ro-u026e IGFCTT1-u026e ".25 SlantFont ipxt1-u026e ReEncodeFont" <ipxt1-u026e.enc <ipxg-r-u026e.pfb
ipxg-ro-u026f IGFCTT1-u026f ".25 SlantFont ipxt1-u026f ReEncodeFont" <ipxt1-u026f.enc <ipxg-r-u026f.pfb
ipxg-ro-u0270 IGFCTT1-u0270 ".25 SlantFont ipxt1-u0270 ReEncodeFont" <ipxt1-u0270.enc <ipxg-r-u0270.pfb
ipxg-ro-u0271 IGFCTT1-u0271 ".25 SlantFont ipxt1-u0271 ReEncodeFont" <ipxt1-u0271.enc <ipxg-r-u0271.pfb
ipxg-ro-u0273 IGFCTT1-u0273 ".25 SlantFont ipxt1-u0273 ReEncodeFont" <ipxt1-u0273.enc <ipxg-r-u0273.pfb
ipxg-ro-u0274 IGFCTT1-u0274 ".25 SlantFont ipxt1-u0274 ReEncodeFont" <ipxt1-u0274.enc <ipxg-r-u0274.pfb
ipxg-ro-u0276 IGFCTT1-u0276 ".25 SlantFont ipxt1-u0276 ReEncodeFont" <ipxt1-u0276.enc <ipxg-r-u0276.pfb
ipxg-ro-u0277 IGFCTT1-u0277 ".25 SlantFont ipxt1-u0277 ReEncodeFont" <ipxt1-u0277.enc <ipxg-r-u0277.pfb
ipxg-ro-u0279 IGFCTT1-u0279 ".25 SlantFont ipxt1-u0279 ReEncodeFont" <ipxt1-u0279.enc <ipxg-r-u0279.pfb
ipxg-ro-u027a IGFCTT1-u027a ".25 SlantFont ipxt1-u027a ReEncodeFont" <ipxt1-u027a.enc <ipxg-r-u027a.pfb
ipxg-ro-u027b IGFCTT1-u027b ".25 SlantFont ipxt1-u027b ReEncodeFont" <ipxt1-u027b.enc <ipxg-r-u027b.pfb
ipxg-ro-u027c IGFCTT1-u027c ".25 SlantFont ipxt1-u027c ReEncodeFont" <ipxt1-u027c.enc <ipxg-r-u027c.pfb
ipxg-ro-u027d IGFCTT1-u027d ".25 SlantFont ipxt1-u027d ReEncodeFont" <ipxt1-u027d.enc <ipxg-r-u027d.pfb
ipxg-ro-u027e IGFCTT1-u027e ".25 SlantFont ipxt1-u027e ReEncodeFont" <ipxt1-u027e.enc <ipxg-r-u027e.pfb
ipxg-ro-u027f IGFCTT1-u027f ".25 SlantFont ipxt1-u027f ReEncodeFont" <ipxt1-u027f.enc <ipxg-r-u027f.pfb
ipxg-ro-u0280 IGFCTT1-u0280 ".25 SlantFont ipxt1-u0280 ReEncodeFont" <ipxt1-u0280.enc <ipxg-r-u0280.pfb
ipxg-ro-u0282 IGFCTT1-u0282 ".25 SlantFont ipxt1-u0282 ReEncodeFont" <ipxt1-u0282.enc <ipxg-r-u0282.pfb
ipxg-ro-u0283 IGFCTT1-u0283 ".25 SlantFont ipxt1-u0283 ReEncodeFont" <ipxt1-u0283.enc <ipxg-r-u0283.pfb
ipxg-ro-u0284 IGFCTT1-u0284 ".25 SlantFont ipxt1-u0284 ReEncodeFont" <ipxt1-u0284.enc <ipxg-r-u0284.pfb
ipxg-ro-u0285 IGFCTT1-u0285 ".25 SlantFont ipxt1-u0285 ReEncodeFont" <ipxt1-u0285.enc <ipxg-r-u0285.pfb
ipxg-ro-u0286 IGFCTT1-u0286 ".25 SlantFont ipxt1-u0286 ReEncodeFont" <ipxt1-u0286.enc <ipxg-r-u0286.pfb
ipxg-ro-u0289 IGFCTT1-u0289 ".25 SlantFont ipxt1-u0289 ReEncodeFont" <ipxt1-u0289.enc <ipxg-r-u0289.pfb
ipxg-ro-u028a IGFCTT1-u028a ".25 SlantFont ipxt1-u028a ReEncodeFont" <ipxt1-u028a.enc <ipxg-r-u028a.pfb
ipxg-ro-u028b IGFCTT1-u028b ".25 SlantFont ipxt1-u028b ReEncodeFont" <ipxt1-u028b.enc <ipxg-r-u028b.pfb
ipxg-ro-u028d IGFCTT1-u028d ".25 SlantFont ipxt1-u028d ReEncodeFont" <ipxt1-u028d.enc <ipxg-r-u028d.pfb
ipxg-ro-u028e IGFCTT1-u028e ".25 SlantFont ipxt1-u028e ReEncodeFont" <ipxt1-u028e.enc <ipxg-r-u028e.pfb
ipxg-ro-u028f IGFCTT1-u028f ".25 SlantFont ipxt1-u028f ReEncodeFont" <ipxt1-u028f.enc <ipxg-r-u028f.pfb
ipxg-ro-u0292 IGFCTT1-u0292 ".25 SlantFont ipxt1-u0292 ReEncodeFont" <ipxt1-u0292.enc <ipxg-r-u0292.pfb
ipxg-ro-u0294 IGFCTT1-u0294 ".25 SlantFont ipxt1-u0294 ReEncodeFont" <ipxt1-u0294.enc <ipxg-r-u0294.pfb
ipxg-ro-u0295 IGFCTT1-u0295 ".25 SlantFont ipxt1-u0295 ReEncodeFont" <ipxt1-u0295.enc <ipxg-r-u0295.pfb
ipxg-ro-u0296 IGFCTT1-u0296 ".25 SlantFont ipxt1-u0296 ReEncodeFont" <ipxt1-u0296.enc <ipxg-r-u0296.pfb
ipxg-ro-u0297 IGFCTT1-u0297 ".25 SlantFont ipxt1-u0297 ReEncodeFont" <ipxt1-u0297.enc <ipxg-r-u0297.pfb
ipxg-ro-u0298 IGFCTT1-u0298 ".25 SlantFont ipxt1-u0298 ReEncodeFont" <ipxt1-u0298.enc <ipxg-r-u0298.pfb
ipxg-ro-u029a IGFCTT1-u029a ".25 SlantFont ipxt1-u029a ReEncodeFont" <ipxt1-u029a.enc <ipxg-r-u029a.pfb
ipxg-ro-u029d IGFCTT1-u029d ".25 SlantFont ipxt1-u029d ReEncodeFont" <ipxt1-u029d.enc <ipxg-r-u029d.pfb
ipxg-ro-u029e IGFCTT1-u029e ".25 SlantFont ipxt1-u029e ReEncodeFont" <ipxt1-u029e.enc <ipxg-r-u029e.pfb
ipxg-ro-u029f IGFCTT1-u029f ".25 SlantFont ipxt1-u029f ReEncodeFont" <ipxt1-u029f.enc <ipxg-r-u029f.pfb
ipxg-ro-u02a0 IGFCTT1-u02a0 ".25 SlantFont ipxt1-u02a0 ReEncodeFont" <ipxt1-u02a0.enc <ipxg-r-u02a0.pfb
ipxg-ro-u02a1 IGFCTT1-u02a1 ".25 SlantFont ipxt1-u02a1 ReEncodeFont" <ipxt1-u02a1.enc <ipxg-r-u02a1.pfb
ipxg-ro-u02a3 IGFCTT1-u02a3 ".25 SlantFont ipxt1-u02a3 ReEncodeFont" <ipxt1-u02a3.enc <ipxg-r-u02a3.pfb
ipxg-ro-u02a4 IGFCTT1-u02a4 ".25 SlantFont ipxt1-u02a4 ReEncodeFont" <ipxt1-u02a4.enc <ipxg-r-u02a4.pfb
ipxg-ro-u02a5 IGFCTT1-u02a5 ".25 SlantFont ipxt1-u02a5 ReEncodeFont" <ipxt1-u02a5.enc <ipxg-r-u02a5.pfb
ipxg-ro-u02a6 IGFCTT1-u02a6 ".25 SlantFont ipxt1-u02a6 ReEncodeFont" <ipxt1-u02a6.enc <ipxg-r-u02a6.pfb
ipxg-ro-u02f8 IGFCTT1-u02f8 ".25 SlantFont ipxt1-u02f8 ReEncodeFont" <ipxt1-u02f8.enc <ipxg-r-u02f8.pfb
ipxm-r-uf0 IMFCTT1-uf0 "ipxt1-uf0 ReEncodeFont" <ipxt1-uf0.enc <ipxm-r-uf0.pfb
ipxg-r-uf0 IGFCTT1-uf0 "ipxt1-uf0 ReEncodeFont" <ipxt1-uf0.enc <ipxg-r-uf0.pfb
